Component: ARM Compiler 5.06 update 4 (build 422) Tool: armlink [4d35d2]

==============================================================================

Section Cross References

    startup_stm32f030x8.o(RESET) refers to startup_stm32f030x8.o(STACK) for __initial_sp
    startup_stm32f030x8.o(RESET) refers to startup_stm32f030x8.o(.text) for Reset_Handler
    startup_stm32f030x8.o(RESET) refers to stm32f0xx_it.o(i.NMI_Handler) for NMI_Handler
    startup_stm32f030x8.o(RESET) refers to stm32f0xx_it.o(i.HardFault_Handler) for HardFault_Handler
    startup_stm32f030x8.o(RESET) refers to stm32f0xx_it.o(i.SVC_Handler) for SVC_Handler
    startup_stm32f030x8.o(RESET) refers to stm32f0xx_it.o(i.PendSV_Handler) for PendSV_Handler
    startup_stm32f030x8.o(RESET) refers to stm32f0xx_it.o(i.SysTick_Handler) for SysTick_Handler
    startup_stm32f030x8.o(RESET) refers to stm32f0xx_it.o(i.I2C1_IRQHandler) for I2C1_IRQHandler
    startup_stm32f030x8.o(RESET) refers to stm32f0xx_it.o(i.USART1_IRQHandler) for USART1_IRQHandler
    startup_stm32f030x8.o(.text) refers to system_stm32f0xx.o(i.SystemInit) for SystemInit
    startup_stm32f030x8.o(.text) refers to entry.o(.ARM.Collect$$$$00000000) for __main
    ldc_i2c.o(i.HAL_I2C_ErrorCallback) refers to ldc_i2c.o(.data) for .data
    ldc_i2c.o(i.HAL_I2C_MasterRxCpltCallback) refers to ldc_i2c.o(.data) for .data
    ldc_i2c.o(i.HAL_I2C_MasterTxCpltCallback) refers to ldc_i2c.o(.data) for .data
    ldc_i2c.o(i.I2C_ReadLDCWhoAmI) refers to stm32f0xx_hal_i2c.o(i.HAL_I2C_GetState) for HAL_I2C_GetState
    ldc_i2c.o(i.I2C_ReadLDCWhoAmI) refers to ldc_i2c.o(i.i2c_LDC_Read_Data) for i2c_LDC_Read_Data
    ldc_i2c.o(i.I2C_ReadLDCWhoAmI) refers to main.o(.bss) for hi2c1
    ldc_i2c.o(i.I2C_ReadLDCWhoAmI) refers to ldc_i2c.o(.data) for .data
    ldc_i2c.o(i.LDC_Abort_Transfers) refers to stm32f0xx_hal_i2c.o(i.HAL_I2C_Master_Abort_IT) for HAL_I2C_Master_Abort_IT
    ldc_i2c.o(i.LDC_Abort_Transfers) refers to main.o(.bss) for hi2c1
    ldc_i2c.o(i.LDC_Config) refers to ldc_i2c.o(i.LDC_Config_All) for LDC_Config_All
    ldc_i2c.o(i.LDC_Config) refers to ldc_i2c.o(i.LDC_Wakeup) for LDC_Wakeup
    ldc_i2c.o(i.LDC_Config) refers to ldc_i2c.o(i.isSleepModeTEST) for isSleepModeTEST
    ldc_i2c.o(i.LDC_Config) refers to ldc_i2c.o(.data) for .data
    ldc_i2c.o(i.LDC_Config_All) refers to ldc_i2c.o(i.i2c_master_write) for i2c_master_write
    ldc_i2c.o(i.LDC_Config_All) refers to stm32f0xx_hal.o(i.HAL_Delay) for HAL_Delay
    ldc_i2c.o(i.LDC_Config_All) refers to ldc_i2c.o(i.LDC_Sleep) for LDC_Sleep
    ldc_i2c.o(i.LDC_Control) refers to ldc_i2c.o(i.LDC_STATUS_UNREADCONV1) for LDC_STATUS_UNREADCONV1
    ldc_i2c.o(i.LDC_Control) refers to ldc_i2c.o(i.LDC_Read_Data) for LDC_Read_Data
    ldc_i2c.o(i.LDC_Control) refers to ldc_i2c.o(i.isModeTest) for isModeTest
    ldc_i2c.o(i.LDC_Control) refers to ldc_i2c.o(i.isSleepModeTEST) for isSleepModeTEST
    ldc_i2c.o(i.LDC_Control) refers to ldc_i2c.o(.data) for .data
    ldc_i2c.o(i.LDC_I2C_DeInit) refers to ldc_i2c.o(i.LDC_Abort_Transfers) for LDC_Abort_Transfers
    ldc_i2c.o(i.LDC_I2C_DeInit) refers to stm32f0xx_hal.o(i.HAL_Delay) for HAL_Delay
    ldc_i2c.o(i.LDC_I2C_DeInit) refers to stm32f0xx_hal_i2c.o(i.HAL_I2C_DeInit) for HAL_I2C_DeInit
    ldc_i2c.o(i.LDC_I2C_DeInit) refers to main.o(.bss) for hi2c1
    ldc_i2c.o(i.LDC_I2C_ReInit) refers to stm32f0xx_hal.o(i.HAL_Delay) for HAL_Delay
    ldc_i2c.o(i.LDC_I2C_ReInit) refers to stm32f0xx_hal_i2c.o(i.HAL_I2C_Init) for HAL_I2C_Init
    ldc_i2c.o(i.LDC_I2C_ReInit) refers to ldc_i2c.o(.data) for .data
    ldc_i2c.o(i.LDC_I2C_ReInit) refers to main.o(.bss) for hi2c1
    ldc_i2c.o(i.LDC_Read_Data) refers to ldc_i2c.o(i.i2c_LDC_Read_Data) for i2c_LDC_Read_Data
    ldc_i2c.o(i.LDC_Read_Data) refers to ldc_i2c.o(.data) for .data
    ldc_i2c.o(i.LDC_STATUS_UNREADCONV1) refers to ldc_i2c.o(i.i2c_LDC_Read_Data) for i2c_LDC_Read_Data
    ldc_i2c.o(i.LDC_STATUS_UNREADCONV1) refers to ldc_i2c.o(.data) for .data
    ldc_i2c.o(i.LDC_Sleep) refers to ldc_i2c.o(i.i2c_master_write) for i2c_master_write
    ldc_i2c.o(i.LDC_Sleep) refers to ldc_i2c.o(.data) for .data
    ldc_i2c.o(i.LDC_Startup) refers to stm32f0xx_hal_gpio.o(i.HAL_GPIO_WritePin) for HAL_GPIO_WritePin
    ldc_i2c.o(i.LDC_Startup) refers to stm32f0xx_hal_i2c.o(i.HAL_I2C_GetState) for HAL_I2C_GetState
    ldc_i2c.o(i.LDC_Startup) refers to ldc_i2c.o(i.I2C_ReadLDCWhoAmI) for I2C_ReadLDCWhoAmI
    ldc_i2c.o(i.LDC_Startup) refers to ldc_i2c.o(i.LDC_Config) for LDC_Config
    ldc_i2c.o(i.LDC_Startup) refers to stm32f0xx_hal.o(i.HAL_Delay) for HAL_Delay
    ldc_i2c.o(i.LDC_Startup) refers to ldc_i2c.o(i.LDC_Control) for LDC_Control
    ldc_i2c.o(i.LDC_Startup) refers to main.o(.bss) for hi2c1
    ldc_i2c.o(i.LDC_Startup) refers to ldc_i2c.o(.data) for .data
    ldc_i2c.o(i.LDC_Wakeup) refers to ldc_i2c.o(i.i2c_master_write) for i2c_master_write
    ldc_i2c.o(i.LDC_Wakeup) refers to ldc_i2c.o(.data) for .data
[...]
    stm32f0xx_hal_uart.o(i.HAL_UART_Receive_DMA) refers to stm32f0xx_hal_uart.o(i.UART_DMAReceiveCplt) for UART_DMAReceiveCplt
    stm32f0xx_hal_uart.o(i.HAL_UART_Receive_DMA) refers to stm32f0xx_hal_uart.o(i.UART_DMARxHalfCplt) for UART_DMARxHalfCplt
    stm32f0xx_hal_uart.o(i.HAL_UART_Receive_DMA) refers to stm32f0xx_hal_uart.o(i.UART_DMAError) for UART_DMAError
    stm32f0xx_hal_uart.o(i.HAL_UART_Transmit) refers to stm32f0xx_hal.o(i.HAL_GetTick) for HAL_GetTick
    stm32f0xx_hal_uart.o(i.HAL_UART_Transmit) refers to stm32f0xx_hal_uart.o(i.UART_WaitOnFlagUntilTimeout) for UART_WaitOnFlagUntilTimeout
    stm32f0xx_hal_uart.o(i.HAL_UART_Transmit_DMA) refers to stm32f0xx_hal_dma.o(i.HAL_DMA_Start_IT) for HAL_DMA_Start_IT
    stm32f0xx_hal_uart.o(i.HAL_UART_Transmit_DMA) refers to stm32f0xx_hal_uart.o(i.UART_DMATransmitCplt) for UART_DMATransmitCplt
    stm32f0xx_hal_uart.o(i.HAL_UART_Transmit_DMA) refers to stm32f0xx_hal_uart.o(i.UART_DMATxHalfCplt) for UART_DMATxHalfCplt
    stm32f0xx_hal_uart.o(i.HAL_UART_Transmit_DMA) refers to stm32f0xx_hal_uart.o(i.UART_DMAError) for UART_DMAError
    stm32f0xx_hal_uart.o(i.UART_DMAAbortOnError) refers to stm32f0xx_hal_uart.o(i.HAL_UART_ErrorCallback) for HAL_UART_ErrorCallback
    stm32f0xx_hal_uart.o(i.UART_DMAError) refers to stm32f0xx_hal_uart.o(i.UART_EndTxTransfer) for UART_EndTxTransfer
    stm32f0xx_hal_uart.o(i.UART_DMAError) refers to stm32f0xx_hal_uart.o(i.UART_EndRxTransfer) for UART_EndRxTransfer
    stm32f0xx_hal_uart.o(i.UART_DMAError) refers to stm32f0xx_hal_uart.o(i.HAL_UART_ErrorCallback) for HAL_UART_ErrorCallback
    stm32f0xx_hal_uart.o(i.UART_DMAReceiveCplt) refers to stm32f0xx_it.o(i.HAL_UART_RxCpltCallback) for HAL_UART_RxCpltCallback
    stm32f0xx_hal_uart.o(i.UART_DMARxAbortCallback) refers to stm32f0xx_hal_uart.o(i.HAL_UART_AbortCpltCallback) for HAL_UART_AbortCpltCallback
    stm32f0xx_hal_uart.o(i.UART_DMARxHalfCplt) refers to stm32f0xx_hal_uart.o(i.HAL_UART_RxHalfCpltCallback) for HAL_UART_RxHalfCpltCallback
    stm32f0xx_hal_uart.o(i.UART_DMARxOnlyAbortCallback) refers to stm32f0xx_hal_uart.o(i.HAL_UART_AbortReceiveCpltCallback) for HAL_UART_AbortReceiveCpltCallback
    stm32f0xx_hal_uart.o(i.UART_DMATransmitCplt) refers to uart_communication.o(i.HAL_UART_TxCpltCallback) for HAL_UART_TxCpltCallback
    stm32f0xx_hal_uart.o(i.UART_DMATxAbortCallback) refers to stm32f0xx_hal_uart.o(i.HAL_UART_AbortCpltCallback) for HAL_UART_AbortCpltCallback
    stm32f0xx_hal_uart.o(i.UART_DMATxHalfCplt) refers to stm32f0xx_hal_uart.o(i.HAL_UART_TxHalfCpltCallback) for HAL_UART_TxHalfCpltCallback
    stm32f0xx_hal_uart.o(i.UART_DMATxOnlyAbortCallback) refers to stm32f0xx_hal_uart.o(i.HAL_UART_AbortTransmitCpltCallback) for HAL_UART_AbortTransmitCpltCallback
    stm32f0xx_hal_uart.o(i.UART_EndTransmit_IT) refers to uart_communication.o(i.HAL_UART_TxCpltCallback) for HAL_UART_TxCpltCallback
    stm32f0xx_hal_uart.o(i.UART_Receive_IT) refers to stm32f0xx_it.o(i.HAL_UART_RxCpltCallback) for HAL_UART_RxCpltCallback
    stm32f0xx_hal_uart.o(i.UART_SetConfig) refers to stm32f0xx_hal_rcc.o(i.HAL_RCC_GetPCLK1Freq) for HAL_RCC_GetPCLK1Freq
    stm32f0xx_hal_uart.o(i.UART_SetConfig) refers to uidiv.o(.text) for __aeabi_uidivmod
    stm32f0xx_hal_uart.o(i.UART_SetConfig) refers to stm32f0xx_hal_rcc.o(i.HAL_RCC_GetSysClockFreq) for HAL_RCC_GetSysClockFreq
    stm32f0xx_hal_uart.o(i.UART_WaitOnFlagUntilTimeout) refers to stm32f0xx_hal.o(i.HAL_GetTick) for HAL_GetTick
    stm32f0xx_hal_uart_ex.o(i.HAL_MultiProcessorEx_AddressLength_Set) refers to stm32f0xx_hal_uart.o(i.UART_CheckIdleState) for UART_CheckIdleState
    stm32f0xx_hal_uart_ex.o(i.HAL_RS485Ex_Init) refers to stm32f0xx_hal_msp.o(i.HAL_UART_MspInit) for HAL_UART_MspInit
    stm32f0xx_hal_uart_ex.o(i.HAL_RS485Ex_Init) refers to stm32f0xx_hal_uart.o(i.UART_SetConfig) for UART_SetConfig
    stm32f0xx_hal_uart_ex.o(i.HAL_RS485Ex_Init) refers to stm32f0xx_hal_uart.o(i.UART_AdvFeatureConfig) for UART_AdvFeatureConfig
    stm32f0xx_hal_uart_ex.o(i.HAL_RS485Ex_Init) refers to stm32f0xx_hal_uart.o(i.UART_CheckIdleState) for UART_CheckIdleState
    stm32f0xx_hal_rcc.o(i.HAL_RCC_ClockConfig) refers to stm32f0xx_hal.o(i.HAL_GetTick) for HAL_GetTick
    stm32f0xx_hal_rcc.o(i.HAL_RCC_ClockConfig) refers to stm32f0xx_hal_rcc.o(i.HAL_RCC_GetSysClockFreq) for HAL_RCC_GetSysClockFreq
    stm32f0xx_hal_rcc.o(i.HAL_RCC_ClockConfig) refers to stm32f0xx_hal.o(i.HAL_InitTick) for HAL_InitTick
    stm32f0xx_hal_rcc.o(i.HAL_RCC_ClockConfig) refers to system_stm32f0xx.o(.constdata) for AHBPrescTable
    stm32f0xx_hal_rcc.o(i.HAL_RCC_ClockConfig) refers to system_stm32f0xx.o(.data) for SystemCoreClock
    stm32f0xx_hal_rcc.o(i.HAL_RCC_DeInit) refers to system_stm32f0xx.o(.data) for SystemCoreClock
    stm32f0xx_hal_rcc.o(i.HAL_RCC_GetHCLKFreq) refers to system_stm32f0xx.o(.data) for SystemCoreClock
    stm32f0xx_hal_rcc.o(i.HAL_RCC_GetPCLK1Freq) refers to system_stm32f0xx.o(.data) for SystemCoreClock
    stm32f0xx_hal_rcc.o(i.HAL_RCC_GetPCLK1Freq) refers to system_stm32f0xx.o(.constdata) for APBPrescTable
    stm32f0xx_hal_rcc.o(i.HAL_RCC_GetSysClockFreq) refers to uidiv.o(.text) for __aeabi_uidivmod
    stm32f0xx_hal_rcc.o(i.HAL_RCC_MCOConfig) refers to stm32f0xx_hal_gpio.o(i.HAL_GPIO_Init) for HAL_GPIO_Init
    stm32f0xx_hal_rcc.o(i.HAL_RCC_NMI_IRQHandler) refers to stm32f0xx_hal_rcc.o(i.HAL_RCC_CSSCallback) for HAL_RCC_CSSCallback
    stm32f0xx_hal_rcc.o(i.HAL_RCC_OscConfig) refers to stm32f0xx_hal.o(i.HAL_GetTick) for HAL_GetTick
    stm32f0xx_hal_rcc_ex.o(i.HAL_RCCEx_GetPeriphCLKFreq) refers to stm32f0xx_hal_rcc.o(i.HAL_RCC_GetPCLK1Freq) for HAL_RCC_GetPCLK1Freq
    stm32f0xx_hal_rcc_ex.o(i.HAL_RCCEx_GetPeriphCLKFreq) refers to stm32f0xx_hal_rcc.o(i.HAL_RCC_GetSysClockFreq) for HAL_RCC_GetSysClockFreq
    stm32f0xx_hal_rcc_ex.o(i.HAL_RCCEx_PeriphCLKConfig) refers to stm32f0xx_hal.o(i.HAL_GetTick) for HAL_GetTick
    stm32f0xx_hal.o(i.HAL_DeInit) refers to stm32f0xx_hal.o(i.HAL_MspDeInit) for HAL_MspDeInit
    stm32f0xx_hal.o(i.HAL_Delay) refers to stm32f0xx_hal.o(i.HAL_GetTick) for HAL_GetTick
    stm32f0xx_hal.o(i.HAL_GetTick) refers to stm32f0xx_hal.o(.data) for .data
    stm32f0xx_hal.o(i.HAL_IncTick) refers to stm32f0xx_hal.o(.data) for .data
    stm32f0xx_hal.o(i.HAL_Init) refers to stm32f0xx_hal.o(i.HAL_InitTick) for HAL_InitTick
    stm32f0xx_hal.o(i.HAL_Init) refers to stm32f0xx_hal_msp.o(i.HAL_MspInit) for HAL_MspInit
    stm32f0xx_hal.o(i.HAL_InitTick) refers to stm32f0xx_hal_rcc.o(i.HAL_RCC_GetHCLKFreq) for HAL_RCC_GetHCLKFreq
    stm32f0xx_hal.o(i.HAL_InitTick) refers to uidiv.o(.text) for __aeabi_uidivmod
    stm32f0xx_hal.o(i.HAL_InitTick) refers to stm32f0xx_hal_cortex.o(i.HAL_SYSTICK_Config) for HAL_SYSTICK_Config
    stm32f0xx_hal.o(i.HAL_InitTick) refers to stm32f0xx_hal_cortex.o(i.HAL_NVIC_SetPriority) for HAL_NVIC_SetPriority
    stm32f0xx_hal_gpio.o(i.HAL_GPIO_EXTI_IRQHandler) refers to stm32f0xx_hal_gpio.o(i.HAL_GPIO_EXTI_Callback) for HAL_GPIO_EXTI_Callback
    stm32f0xx_hal_dma.o(i.DMA_CalcBaseAndBitshift) refers to uidiv.o(.text) for __aeabi_uidivmod
    stm32f0xx_hal_dma.o(i.HAL_DMA_DeInit) refers to stm32f0xx_hal_dma.o(i.DMA_CalcBaseAndBitshift) for DMA_CalcBaseAndBitshift
    stm32f0xx_hal_dma.o(i.HAL_DMA_Init) refers to stm32f0xx_hal_dma.o(i.DMA_CalcBaseAndBitshift) for DMA_CalcBaseAndBitshift
    stm32f0xx_hal_dma.o(i.HAL_DMA_PollForTransfer) refers to stm32f0xx_hal.o(i.HAL_GetTick) for HAL_GetTick
    stm32f0xx_hal_dma.o(i.HAL_DMA_Start) refers to stm32f0xx_hal_dma.o(i.DMA_SetConfig) for DMA_SetConfig
    stm32f0xx_hal_dma.o(i.HAL_DMA_Start_IT) refers to stm32f0xx_hal_dma.o(i.DMA_SetConfig) for DMA_SetConfig
    stm32f0xx_hal_dma.o(i.HAL_DMA_UnRegisterCallback) refers to stm32f0xx_hal_dma.o(i.__ARM_common_switch8) for __ARM_common_switch8
    stm32f0xx_hal_cortex.o(i.HAL_NVIC_SetPriority) refers to stm32f0xx_hal_cortex.o(i.NVIC_SetPriority) for NVIC_SetPriority
    stm32f0xx_hal_cortex.o(i.HAL_SYSTICK_Config) refers to stm32f0xx_hal_cortex.o(i.NVIC_SetPriority) for NVIC_SetPriority
    stm32f0xx_hal_cortex.o(i.HAL_SYSTICK_IRQHandler) refers to stm32f0xx_hal_cortex.o(i.HAL_SYSTICK_Callback) for HAL_SYSTICK_Callback
    stm32f0xx_hal_flash.o(i.FLASH_Program_HalfWord) refers to stm32f0xx_hal_flash.o(.bss) for .bss
    stm32f0xx_hal_flash.o(i.FLASH_SetErrorCode) refers to stm32f0xx_hal_flash.o(.bss) for .bss
    stm32f0xx_hal_flash.o(i.FLASH_WaitForLastOperation) refers to stm32f0xx_hal.o(i.HAL_GetTick) for HAL_GetTick
    stm32f0xx_hal_flash.o(i.FLASH_WaitForLastOperation) refers to stm32f0xx_hal_flash.o(i.FLASH_SetErrorCode) for FLASH_SetErrorCode
    stm32f0xx_hal_flash.o(i.HAL_FLASH_GetError) refers to stm32f0xx_hal_flash.o(.bss) for .bss
    stm32f0xx_hal_flash.o(i.HAL_FLASH_IRQHandler) refers to stm32f0xx_hal_flash.o(i.FLASH_SetErrorCode) for FLASH_SetErrorCode
    stm32f0xx_hal_flash.o(i.HAL_FLASH_IRQHandler) refers to stm32f0xx_hal_flash.o(i.HAL_FLASH_OperationErrorCallback) for HAL_FLASH_OperationErrorCallback
    stm32f0xx_hal_flash.o(i.HAL_FLASH_IRQHandler) refers to stm32f0xx_hal_flash.o(i.FLASH_Program_HalfWord) for FLASH_Program_HalfWord
    stm32f0xx_hal_flash.o(i.HAL_FLASH_IRQHandler) refers to stm32f0xx_hal_flash.o(i.HAL_FLASH_EndOfOperationCallback) for HAL_FLASH_EndOfOperationCallback
    stm32f0xx_hal_flash.o(i.HAL_FLASH_IRQHandler) refers to stm32f0xx_hal_flash_ex.o(i.FLASH_PageErase) for FLASH_PageErase
    stm32f0xx_hal_flash.o(i.HAL_FLASH_IRQHandler) refers to stm32f0xx_hal_flash.o(.bss) for .bss
    stm32f0xx_hal_flash.o(i.HAL_FLASH_OB_Launch) refers to stm32f0xx_hal_flash.o(i.FLASH_WaitForLastOperation) for FLASH_WaitForLastOperation
    stm32f0xx_hal_flash.o(i.HAL_FLASH_Program) refers to stm32f0xx_hal_flash.o(i.FLASH_WaitForLastOperation) for FLASH_WaitForLastOperation
    stm32f0xx_hal_flash.o(i.HAL_FLASH_Program) refers to llushr.o(.text) for __aeabi_llsr
    stm32f0xx_hal_flash.o(i.HAL_FLASH_Program) refers to stm32f0xx_hal_flash.o(i.FLASH_Program_HalfWord) for FLASH_Program_HalfWord
    stm32f0xx_hal_flash.o(i.HAL_FLASH_Program) refers to stm32f0xx_hal_flash.o(.bss) for .bss
    stm32f0xx_hal_flash.o(i.HAL_FLASH_Program_IT) refers to stm32f0xx_hal_flash.o(i.FLASH_Program_HalfWord) for FLASH_Program_HalfWord
    stm32f0xx_hal_flash.o(i.HAL_FLASH_Program_IT) refers to stm32f0xx_hal_flash.o(.bss) for .bss
    stm32f0xx_hal_flash_ex.o(i.FLASH_MassErase) refers to stm32f0xx_hal_flash.o(.bss) for pFlash
    stm32f0xx_hal_flash_ex.o(i.FLASH_OB_DisableWRP) refers to stm32f0xx_hal_flash.o(i.FLASH_WaitForLastOperation) for FLASH_WaitForLastOperation
    stm32f0xx_hal_flash_ex.o(i.FLASH_OB_DisableWRP) refers to stm32f0xx_hal_flash_ex.o(i.HAL_FLASHEx_OBErase) for HAL_FLASHEx_OBErase
    stm32f0xx_hal_flash_ex.o(i.FLASH_OB_DisableWRP) refers to stm32f0xx_hal_flash.o(.bss) for pFlash
    stm32f0xx_hal_flash_ex.o(i.FLASH_OB_EnableWRP) refers to stm32f0xx_hal_flash.o(i.FLASH_WaitForLastOperation) for FLASH_WaitForLastOperation
    stm32f0xx_hal_flash_ex.o(i.FLASH_OB_EnableWRP) refers to stm32f0xx_hal_flash_ex.o(i.HAL_FLASHEx_OBErase) for HAL_FLASHEx_OBErase
    stm32f0xx_hal_flash_ex.o(i.FLASH_OB_EnableWRP) refers to stm32f0xx_hal_flash.o(.bss) for pFlash
    stm32f0xx_hal_flash_ex.o(i.FLASH_OB_RDP_LevelConfig) refers to stm32f0xx_hal_flash.o(i.FLASH_WaitForLastOperation) for FLASH_WaitForLastOperation
    stm32f0xx_hal_flash_ex.o(i.FLASH_OB_RDP_LevelConfig) refers to stm32f0xx_hal_flash.o(.bss) for pFlash
    stm32f0xx_hal_flash_ex.o(i.FLASH_PageErase) refers to stm32f0xx_hal_flash.o(.bss) for pFlash
    stm32f0xx_hal_flash_ex.o(i.HAL_FLASHEx_Erase) refers to stm32f0xx_hal_flash.o(i.FLASH_WaitForLastOperation) for FLASH_WaitForLastOperation
    stm32f0xx_hal_flash_ex.o(i.HAL_FLASHEx_Erase) refers to stm32f0xx_hal_flash_ex.o(i.FLASH_MassErase) for FLASH_MassErase
    stm32f0xx_hal_flash_ex.o(i.HAL_FLASHEx_Erase) refers to stm32f0xx_hal_flash_ex.o(i.FLASH_PageErase) for FLASH_PageErase
    stm32f0xx_hal_flash_ex.o(i.HAL_FLASHEx_Erase) refers to stm32f0xx_hal_flash.o(.bss) for pFlash
    stm32f0xx_hal_flash_ex.o(i.HAL_FLASHEx_Erase_IT) refers to stm32f0xx_hal_flash_ex.o(i.FLASH_PageErase) for FLASH_PageErase
    stm32f0xx_hal_flash_ex.o(i.HAL_FLASHEx_Erase_IT) refers to stm32f0xx_hal_flash_ex.o(i.FLASH_MassErase) for FLASH_MassErase
    stm32f0xx_hal_flash_ex.o(i.HAL_FLASHEx_Erase_IT) refers to stm32f0xx_hal_flash.o(.bss) for pFlash
    stm32f0xx_hal_flash_ex.o(i.HAL_FLASHEx_OBErase) refers to stm32f0xx_hal_flash_ex.o(i.FLASH_OB_GetRDP) for FLASH_OB_GetRDP
    stm32f0xx_hal_flash_ex.o(i.HAL_FLASHEx_OBErase) refers to stm32f0xx_hal_flash.o(i.FLASH_WaitForLastOperation) for FLASH_WaitForLastOperation
    stm32f0xx_hal_flash_ex.o(i.HAL_FLASHEx_OBErase) refers to stm32f0xx_hal_flash_ex.o(i.FLASH_OB_RDP_LevelConfig) for FLASH_OB_RDP_LevelConfig
    stm32f0xx_hal_flash_ex.o(i.HAL_FLASHEx_OBErase) refers to stm32f0xx_hal_flash.o(.bss) for pFlash
    stm32f0xx_hal_flash_ex.o(i.HAL_FLASHEx_OBGetConfig) refers to stm32f0xx_hal_flash_ex.o(i.FLASH_OB_GetRDP) for FLASH_OB_GetRDP
    stm32f0xx_hal_flash_ex.o(i.HAL_FLASHEx_OBProgram) refers to stm32f0xx_hal_flash_ex.o(i.FLASH_OB_DisableWRP) for FLASH_OB_DisableWRP
    stm32f0xx_hal_flash_ex.o(i.HAL_FLASHEx_OBProgram) refers to stm32f0xx_hal_flash_ex.o(i.FLASH_OB_EnableWRP) for FLASH_OB_EnableWRP
    stm32f0xx_hal_flash_ex.o(i.HAL_FLASHEx_OBProgram) refers to stm32f0xx_hal_flash_ex.o(i.FLASH_OB_RDP_LevelConfig) for FLASH_OB_RDP_LevelConfig
    stm32f0xx_hal_flash_ex.o(i.HAL_FLASHEx_OBProgram) refers to stm32f0xx_hal_flash.o(i.FLASH_WaitForLastOperation) for FLASH_WaitForLastOperation
    stm32f0xx_hal_flash_ex.o(i.HAL_FLASHEx_OBProgram) refers to stm32f0xx_hal_flash.o(.bss) for pFlash
    system_stm32f0xx.o(i.SystemCoreClockUpdate) refers to uidiv.o(.text) for __aeabi_uidivmod
    system_stm32f0xx.o(i.SystemCoreClockUpdate) refers to system_stm32f0xx.o(.data) for .data
    system_stm32f0xx.o(i.SystemCoreClockUpdate) refers to system_stm32f0xx.o(.constdata) for .constdata
    entry.o(.ARM.Collect$$$$00000000) refers (Special) to entry10a.o(.ARM.Collect$$$$0000000D) for __rt_final_cpp
    entry.o(.ARM.Collect$$$$00000000) refers (Special) to entry11a.o(.ARM.Collect$$$$0000000F) for __rt_final_exit
    entry.o(.ARM.Collect$$$$00000000) refers (Special) to entry7b.o(.ARM.Collect$$$$00000008) for _main_clock
    entry.o(.ARM.Collect$$$$00000000) refers (Special) to entry8b.o(.ARM.Collect$$$$0000000A) for _main_cpp_init
    entry.o(.ARM.Collect$$$$00000000) refers (Special) to entry9a.o(.ARM.Collect$$$$0000000B) for _main_init
    entry.o(.ARM.Collect$$$$00000000) refers (Special) to entry5.o(.ARM.Collect$$$$00000004) for _main_scatterload
    entry.o(.ARM.Collect$$$$00000000) refers (Special) to entry2.o(.ARM.Collect$$$$00000001) for _main_stk
    rand.o(.text) refers to rand.o(.data) for .data
    entry2.o(.ARM.Collect$$$$00000001) refers to entry2.o(.ARM.Collect$$$$00002712) for __lit__00000000
    entry2.o(.ARM.Collect$$$$00002712) refers to startup_stm32f030x8.o(STACK) for __initial_sp
    entry2.o(__vectab_stack_and_reset_area) refers to startup_stm32f030x8.o(STACK) for __initial_sp
    entry2.o(__vectab_stack_and_reset_area) refers to entry.o(.ARM.Collect$$$$00000000) for __main
    entry5.o(.ARM.Collect$$$$00000004) refers to init.o(.text) for __scatterload
    entry9a.o(.ARM.Collect$$$$0000000B) refers to main.o(i.main) for main
    entry9b.o(.ARM.Collect$$$$0000000C) refers to main.o(i.main) for main
    init.o(.text) refers to entry5.o(.ARM.Collect$$$$00000004) for __main_after_scatterload


==============================================================================

Removing Unused input sections from the image.

    Removing startup_stm32f030x8.o(HEAP), (512 bytes).
    Removing ldc_i2c.o(.rev16_text), (4 bytes).
    Removing ldc_i2c.o(.revsh_text), (4 bytes).
    Removing uart_communication.o(.rev16_text), (4 bytes).
    Removing uart_communication.o(.revsh_text), (4 bytes).
    Removing uart_communication.o(i.BSL_Get_Random_Number), (18 bytes).
    Removing uart_communication.o(i.UC_Calculate_LRC), (26 bytes).
    Removing uart_communication.o(i.UC_Check_Communication), (96 bytes).
    Removing uart_communication.o(i.UC_Check_Receive), (100 bytes).
    Removing uart_communication.o(i.UC_Control_USART_Error), (56 bytes).
    Removing uart_communication.o(i.UC_Transmit_Message), (32 bytes).
    Removing uart_communication.o(.data), (4 bytes).
    Removing main.o(.rev16_text), (4 bytes).
    Removing main.o(.revsh_text), (4 bytes).
    Removing main.o(i._Error_Handler), (2 bytes).
    Removing stm32f0xx_it.o(.rev16_text), (4 bytes).
    Removing stm32f0xx_it.o(.revsh_text), (4 bytes).
    Removing stm32f0xx_hal_msp.o(.rev16_text), (4 bytes).
    Removing stm32f0xx_hal_msp.o(.revsh_text), (4 bytes).
    Removing stm32f0xx_hal_msp.o(i.HAL_UART_MspDeInit), (52 bytes).
    Removing stm32f0xx_hal_i2c.o(.rev16_text), (4 bytes).
    Removing stm32f0xx_hal_i2c.o(.revsh_text), (4 bytes).
    Removing stm32f0xx_hal_i2c.o(i.HAL_I2C_DisableListen_IT), (48 bytes).
    Removing stm32f0xx_hal_i2c.o(i.HAL_I2C_EnableListen_IT), (40 bytes).
    Removing stm32f0xx_hal_i2c.o(i.HAL_I2C_ErrorCallback), (2 bytes).
    Removing stm32f0xx_hal_i2c.o(i.HAL_I2C_GetMode), (6 bytes).
    Removing stm32f0xx_hal_i2c.o(i.HAL_I2C_IsDeviceReady), (284 bytes).
    Removing stm32f0xx_hal_i2c.o(i.HAL_I2C_MasterRxCpltCallback), (2 bytes).
    Removing stm32f0xx_hal_i2c.o(i.HAL_I2C_MasterTxCpltCallback), (2 bytes).
    Removing stm32f0xx_hal_i2c.o(i.HAL_I2C_Master_Receive), (280 bytes).
    Removing stm32f0xx_hal_i2c.o(i.HAL_I2C_Master_Receive_DMA), (236 bytes).
    Removing stm32f0xx_hal_i2c.o(i.HAL_I2C_Master_Sequential_Receive_IT), (116 bytes).
    Removing stm32f0xx_hal_i2c.o(i.HAL_I2C_Master_Sequential_Transmit_IT), (116 bytes).
    Removing stm32f0xx_hal_i2c.o(i.HAL_I2C_Master_Transmit), (280 bytes).
    Removing stm32f0xx_hal_i2c.o(i.HAL_I2C_Master_Transmit_DMA), (240 bytes).
    Removing stm32f0xx_hal_i2c.o(i.HAL_I2C_Mem_Read), (344 bytes).
    Removing stm32f0xx_hal_i2c.o(i.HAL_I2C_Mem_Read_DMA), (248 bytes).
    Removing stm32f0xx_hal_i2c.o(i.HAL_I2C_Mem_Read_IT), (188 bytes).
    Removing stm32f0xx_hal_i2c.o(i.HAL_I2C_Mem_Write), (340 bytes).
    Removing stm32f0xx_hal_i2c.o(i.HAL_I2C_Mem_Write_DMA), (244 bytes).
    Removing stm32f0xx_hal_i2c.o(i.HAL_I2C_Mem_Write_IT), (184 bytes).
    Removing stm32f0xx_hal_i2c.o(i.HAL_I2C_MspDeInit), (2 bytes).
    Removing stm32f0xx_hal_i2c.o(i.HAL_I2C_MspInit), (2 bytes).
    Removing stm32f0xx_hal_i2c.o(i.HAL_I2C_Slave_Receive), (292 bytes).
    Removing stm32f0xx_hal_i2c.o(i.HAL_I2C_Slave_Receive_DMA), (156 bytes).
    Removing stm32f0xx_hal_i2c.o(i.HAL_I2C_Slave_Receive_IT), (88 bytes).
    Removing stm32f0xx_hal_i2c.o(i.HAL_I2C_Slave_Sequential_Receive_IT), (144 bytes).
    Removing stm32f0xx_hal_i2c.o(i.HAL_I2C_Slave_Sequential_Transmit_IT), (144 bytes).
    Removing stm32f0xx_hal_i2c.o(i.HAL_I2C_Slave_Transmit), (300 bytes).
    Removing stm32f0xx_hal_i2c.o(i.HAL_I2C_Slave_Transmit_DMA), (156 bytes).
    Removing stm32f0xx_hal_i2c.o(i.HAL_I2C_Slave_Transmit_IT), (88 bytes).
    Removing stm32f0xx_hal_i2c.o(i.I2C_DMAError), (24 bytes).
    Removing stm32f0xx_hal_i2c.o(i.I2C_DMAMasterReceiveCplt), (68 bytes).
    Removing stm32f0xx_hal_i2c.o(i.I2C_DMAMasterTransmitCplt), (68 bytes).
    Removing stm32f0xx_hal_i2c.o(i.I2C_DMASlaveReceiveCplt), (2 bytes).
    Removing stm32f0xx_hal_i2c.o(i.I2C_DMASlaveTransmitCplt), (2 bytes).
    Removing stm32f0xx_hal_i2c.o(i.I2C_IsAcknowledgeFailed), (116 bytes).
    Removing stm32f0xx_hal_i2c.o(i.I2C_RequestMemoryRead), (106 bytes).
    Removing stm32f0xx_hal_i2c.o(i.I2C_RequestMemoryWrite), (106 bytes).
    Removing stm32f0xx_hal_i2c.o(i.I2C_WaitOnFlagUntilTimeout), (72 bytes).
    Removing stm32f0xx_hal_i2c.o(i.I2C_WaitOnRXNEFlagUntilTimeout), (120 bytes).
    Removing stm32f0xx_hal_i2c.o(i.I2C_WaitOnSTOPFlagUntilTimeout), (78 bytes).
    Removing stm32f0xx_hal_i2c.o(i.I2C_WaitOnTXISFlagUntilTimeout), (82 bytes).
    Removing stm32f0xx_hal_i2c_ex.o(.rev16_text), (4 bytes).
    Removing stm32f0xx_hal_i2c_ex.o(.revsh_text), (4 bytes).
    Removing stm32f0xx_hal_i2c_ex.o(i.HAL_I2CEx_DisableFastModePlus), (36 bytes).
    Removing stm32f0xx_hal_i2c_ex.o(i.HAL_I2CEx_EnableFastModePlus), (36 bytes).
    Removing stm32f0xx_hal_tim.o(.rev16_text), (4 bytes).
    Removing stm32f0xx_hal_tim.o(.revsh_text), (4 bytes).
    Removing stm32f0xx_hal_tim_ex.o(.rev16_text), (4 bytes).
    Removing stm32f0xx_hal_tim_ex.o(.revsh_text), (4 bytes).
    Removing stm32f0xx_hal_uart.o(.rev16_text), (4 bytes).
    Removing stm32f0xx_hal_uart.o(.revsh_text), (4 bytes).
    Removing stm32f0xx_hal_uart.o(i.HAL_HalfDuplex_EnableReceiver), (54 bytes).
    Removing stm32f0xx_hal_uart.o(i.HAL_HalfDuplex_EnableTransmitter), (54 bytes).
    Removing stm32f0xx_hal_uart.o(i.HAL_HalfDuplex_Init), (108 bytes).
    Removing stm32f0xx_hal_uart.o(i.HAL_MultiProcessor_DisableMuteMode), (46 bytes).
    Removing stm32f0xx_hal_uart.o(i.HAL_MultiProcessor_EnableMuteMode), (46 bytes).
    Removing stm32f0xx_hal_uart.o(i.HAL_MultiProcessor_EnterMuteMode), (12 bytes).
    Removing stm32f0xx_hal_uart.o(i.HAL_MultiProcessor_Init), (140 bytes).
    Removing stm32f0xx_hal_uart.o(i.HAL_UART_Abort), (120 bytes).
    Removing stm32f0xx_hal_uart.o(i.HAL_UART_AbortCpltCallback), (2 bytes).
    Removing stm32f0xx_hal_uart.o(i.HAL_UART_AbortReceive), (80 bytes).
    Removing stm32f0xx_hal_uart.o(i.HAL_UART_AbortReceiveCpltCallback), (2 bytes).
    Removing stm32f0xx_hal_uart.o(i.HAL_UART_AbortReceive_IT), (116 bytes).
    Removing stm32f0xx_hal_uart.o(i.HAL_UART_AbortTransmit), (62 bytes).
    Removing stm32f0xx_hal_uart.o(i.HAL_UART_AbortTransmitCpltCallback), (2 bytes).
    Removing stm32f0xx_hal_uart.o(i.HAL_UART_AbortTransmit_IT), (92 bytes).
    Removing stm32f0xx_hal_uart.o(i.HAL_UART_Abort_IT), (196 bytes).
    Removing stm32f0xx_hal_uart.o(i.HAL_UART_DMAPause), (94 bytes).
    Removing stm32f0xx_hal_uart.o(i.HAL_UART_DMAResume), (86 bytes).
    Removing stm32f0xx_hal_uart.o(i.HAL_UART_DMAStop), (88 bytes).
    Removing stm32f0xx_hal_uart.o(i.HAL_UART_DeInit), (62 bytes).
    Removing stm32f0xx_hal_uart.o(i.HAL_UART_GetError), (4 bytes).
    Removing stm32f0xx_hal_uart.o(i.HAL_UART_GetState), (12 bytes).
    Removing stm32f0xx_hal_uart.o(i.HAL_UART_Init), (108 bytes).
    Removing stm32f0xx_hal_uart.o(i.HAL_UART_MspDeInit), (2 bytes).
    Removing stm32f0xx_hal_uart.o(i.HAL_UART_MspInit), (2 bytes).
    Removing stm32f0xx_hal_uart.o(i.HAL_UART_Receive), (228 bytes).
    Removing stm32f0xx_hal_uart.o(i.HAL_UART_Receive_DMA), (164 bytes).
    Removing stm32f0xx_hal_uart.o(i.HAL_UART_RxCpltCallback), (2 bytes).
    Removing stm32f0xx_hal_uart.o(i.HAL_UART_RxHalfCpltCallback), (2 bytes).
    Removing stm32f0xx_hal_uart.o(i.HAL_UART_Transmit), (200 bytes).
    Removing stm32f0xx_hal_uart.o(i.HAL_UART_Transmit_DMA), (152 bytes).
    Removing stm32f0xx_hal_uart.o(i.HAL_UART_Transmit_IT), (88 bytes).
    Removing stm32f0xx_hal_uart.o(i.HAL_UART_TxCpltCallback), (2 bytes).
    Removing stm32f0xx_hal_uart.o(i.HAL_UART_TxHalfCpltCallback), (2 bytes).
    Removing stm32f0xx_hal_uart.o(i.UART_DMAError), (74 bytes).
    Removing stm32f0xx_hal_uart.o(i.UART_DMAReceiveCplt), (64 bytes).
    Removing stm32f0xx_hal_uart.o(i.UART_DMARxAbortCallback), (54 bytes).
    Removing stm32f0xx_hal_uart.o(i.UART_DMARxHalfCplt), (10 bytes).
    Removing stm32f0xx_hal_uart.o(i.UART_DMARxOnlyAbortCallback), (28 bytes).
    Removing stm32f0xx_hal_uart.o(i.UART_DMATransmitCplt), (48 bytes).
    Removing stm32f0xx_hal_uart.o(i.UART_DMATxAbortCallback), (54 bytes).
    Removing stm32f0xx_hal_uart.o(i.UART_DMATxHalfCplt), (10 bytes).
    Removing stm32f0xx_hal_uart.o(i.UART_DMATxOnlyAbortCallback), (22 bytes).
    Removing stm32f0xx_hal_uart.o(i.UART_EndTxTransfer), (18 bytes).
    Removing stm32f0xx_hal_uart.o(i.UART_WaitOnFlagUntilTimeout), (98 bytes).
    Removing stm32f0xx_hal_uart_ex.o(.rev16_text), (4 bytes).
    Removing stm32f0xx_hal_uart_ex.o(.revsh_text), (4 bytes).
    Removing stm32f0xx_hal_uart_ex.o(i.HAL_MultiProcessorEx_AddressLength_Set), (54 bytes).
    Removing stm32f0xx_hal_rcc.o(.rev16_text), (4 bytes).
    Removing stm32f0xx_hal_rcc.o(.revsh_text), (4 bytes).
    Removing stm32f0xx_hal_rcc.o(i.HAL_RCC_CSSCallback), (2 bytes).
    Removing stm32f0xx_hal_rcc.o(i.HAL_RCC_DeInit), (76 bytes).
    Removing stm32f0xx_hal_rcc.o(i.HAL_RCC_DisableCSS), (20 bytes).
    Removing stm32f0xx_hal_rcc.o(i.HAL_RCC_EnableCSS), (20 bytes).
    Removing stm32f0xx_hal_rcc.o(i.HAL_RCC_GetClockConfig), (56 bytes).
    Removing stm32f0xx_hal_rcc.o(i.HAL_RCC_GetOscConfig), (156 bytes).
    Removing stm32f0xx_hal_rcc.o(i.HAL_RCC_MCOConfig), (76 bytes).
    Removing stm32f0xx_hal_rcc.o(i.HAL_RCC_NMI_IRQHandler), (24 bytes).
    Removing stm32f0xx_hal_rcc_ex.o(.rev16_text), (4 bytes).
    Removing stm32f0xx_hal_rcc_ex.o(.revsh_text), (4 bytes).
    Removing stm32f0xx_hal_rcc_ex.o(i.HAL_RCCEx_GetPeriphCLKConfig), (44 bytes).
    Removing stm32f0xx_hal_rcc_ex.o(i.HAL_RCCEx_GetPeriphCLKFreq), (156 bytes).
    Removing stm32f0xx_hal.o(.rev16_text), (4 bytes).
    Removing stm32f0xx_hal.o(.revsh_text), (4 bytes).
    Removing stm32f0xx_hal.o(i.HAL_DBGMCU_DisableDBGStandbyMode), (16 bytes).
    Removing stm32f0xx_hal.o(i.HAL_DBGMCU_DisableDBGStopMode), (16 bytes).
    Removing stm32f0xx_hal.o(i.HAL_DBGMCU_EnableDBGStandbyMode), (16 bytes).
    Removing stm32f0xx_hal.o(i.HAL_DBGMCU_EnableDBGStopMode), (16 bytes).
    Removing stm32f0xx_hal.o(i.HAL_DeInit), (36 bytes).
    Removing stm32f0xx_hal.o(i.HAL_GetDEVID), (16 bytes).
    Removing stm32f0xx_hal.o(i.HAL_GetHalVersion), (8 bytes).
    Removing stm32f0xx_hal.o(i.HAL_GetREVID), (12 bytes).
    Removing stm32f0xx_hal.o(i.HAL_GetUIDw0), (12 bytes).
    Removing stm32f0xx_hal.o(i.HAL_GetUIDw1), (12 bytes).
    Removing stm32f0xx_hal.o(i.HAL_GetUIDw2), (12 bytes).
    Removing stm32f0xx_hal.o(i.HAL_MspDeInit), (2 bytes).
    Removing stm32f0xx_hal.o(i.HAL_MspInit), (2 bytes).
    Removing stm32f0xx_hal.o(i.HAL_ResumeTick), (16 bytes).
    Removing stm32f0xx_hal.o(i.HAL_SuspendTick), (16 bytes).
    Removing stm32f0xx_hal_gpio.o(.rev16_text), (4 bytes).
    Removing stm32f0xx_hal_gpio.o(.revsh_text), (4 bytes).
    Removing stm32f0xx_hal_gpio.o(i.HAL_GPIO_EXTI_Callback), (2 bytes).
    Removing stm32f0xx_hal_gpio.o(i.HAL_GPIO_EXTI_IRQHandler), (24 bytes).
    Removing stm32f0xx_hal_gpio.o(i.HAL_GPIO_LockPin), (36 bytes).
    Removing stm32f0xx_hal_gpio.o(i.HAL_GPIO_ReadPin), (10 bytes).
    Removing stm32f0xx_hal_gpio.o(i.HAL_GPIO_TogglePin), (8 bytes).
    Removing stm32f0xx_hal_dma.o(.rev16_text), (4 bytes).
    Removing stm32f0xx_hal_dma.o(.revsh_text), (4 bytes).
    Removing stm32f0xx_hal_dma.o(i.DMA_CalcBaseAndBitshift), (36 bytes).
    Removing stm32f0xx_hal_dma.o(i.DMA_SetConfig), (40 bytes).
    Removing stm32f0xx_hal_dma.o(i.HAL_DMA_Abort), (44 bytes).
    Removing stm32f0xx_hal_dma.o(i.HAL_DMA_DeInit), (66 bytes).
    Removing stm32f0xx_hal_dma.o(i.HAL_DMA_GetError), (4 bytes).
    Removing stm32f0xx_hal_dma.o(i.HAL_DMA_GetState), (6 bytes).
    Removing stm32f0xx_hal_dma.o(i.HAL_DMA_IRQHandler), (156 bytes).
    Removing stm32f0xx_hal_dma.o(i.HAL_DMA_Init), (88 bytes).
    Removing stm32f0xx_hal_dma.o(i.HAL_DMA_PollForTransfer), (176 bytes).
    Removing stm32f0xx_hal_dma.o(i.HAL_DMA_RegisterCallback), (72 bytes).
    Removing stm32f0xx_hal_dma.o(i.HAL_DMA_Start), (74 bytes).
    Removing stm32f0xx_hal_dma.o(i.HAL_DMA_Start_IT), (106 bytes).
    Removing stm32f0xx_hal_dma.o(i.HAL_DMA_UnRegisterCallback), (78 bytes).
    Removing stm32f0xx_hal_cortex.o(.rev16_text), (4 bytes).
    Removing stm32f0xx_hal_cortex.o(.revsh_text), (4 bytes).
    Removing stm32f0xx_hal_cortex.o(i.HAL_NVIC_ClearPendingIRQ), (20 bytes).
    Removing stm32f0xx_hal_cortex.o(i.HAL_NVIC_GetPendingIRQ), (28 bytes).
    Removing stm32f0xx_hal_cortex.o(i.HAL_NVIC_GetPriority), (52 bytes).
    Removing stm32f0xx_hal_cortex.o(i.HAL_NVIC_SetPendingIRQ), (20 bytes).
    Removing stm32f0xx_hal_cortex.o(i.HAL_NVIC_SystemReset), (28 bytes).
    Removing stm32f0xx_hal_pwr.o(.rev16_text), (4 bytes).
    Removing stm32f0xx_hal_pwr.o(.revsh_text), (4 bytes).
    Removing stm32f0xx_hal_pwr.o(i.HAL_PWR_DeInit), (24 bytes).
    Removing stm32f0xx_hal_pwr.o(i.HAL_PWR_DisableBkUpAccess), (16 bytes).
    Removing stm32f0xx_hal_pwr.o(i.HAL_PWR_DisableSEVOnPend), (16 bytes).
    Removing stm32f0xx_hal_pwr.o(i.HAL_PWR_DisableSleepOnExit), (16 bytes).
    Removing stm32f0xx_hal_pwr.o(i.HAL_PWR_DisableWakeUpPin), (16 bytes).
    Removing stm32f0xx_hal_pwr.o(i.HAL_PWR_EnableBkUpAccess), (16 bytes).
    Removing stm32f0xx_hal_pwr.o(i.HAL_PWR_EnableSEVOnPend), (16 bytes).
    Removing stm32f0xx_hal_pwr.o(i.HAL_PWR_EnableSleepOnExit), (16 bytes).
    Removing stm32f0xx_hal_pwr.o(i.HAL_PWR_EnableWakeUpPin), (16 bytes).
    Removing stm32f0xx_hal_pwr.o(i.HAL_PWR_EnterSLEEPMode), (32 bytes).
    Removing stm32f0xx_hal_pwr.o(i.HAL_PWR_EnterSTANDBYMode), (32 bytes).
    Removing stm32f0xx_hal_pwr.o(i.HAL_PWR_EnterSTOPMode), (52 bytes).
    Removing stm32f0xx_hal_pwr_ex.o(.rev16_text), (4 bytes).
    Removing stm32f0xx_hal_pwr_ex.o(.revsh_text), (4 bytes).
    Removing stm32f0xx_hal_flash.o(.rev16_text), (4 bytes).
    Removing stm32f0xx_hal_flash.o(.revsh_text), (4 bytes).
    Removing stm32f0xx_hal_flash.o(i.FLASH_Program_HalfWord), (32 bytes).
    Removing stm32f0xx_hal_flash.o(i.FLASH_SetErrorCode), (56 bytes).
    Removing stm32f0xx_hal_flash.o(i.FLASH_WaitForLastOperation), (80 bytes).
    Removing stm32f0xx_hal_flash.o(i.HAL_FLASH_EndOfOperationCallback), (2 bytes).
    Removing stm32f0xx_hal_flash.o(i.HAL_FLASH_GetError), (12 bytes).
    Removing stm32f0xx_hal_flash.o(i.HAL_FLASH_IRQHandler), (268 bytes).
    Removing stm32f0xx_hal_flash.o(i.HAL_FLASH_Lock), (20 bytes).
    Removing stm32f0xx_hal_flash.o(i.HAL_FLASH_OB_Launch), (32 bytes).
    Removing stm32f0xx_hal_flash.o(i.HAL_FLASH_OB_Lock), (20 bytes).
    Removing stm32f0xx_hal_flash.o(i.HAL_FLASH_OB_Unlock), (36 bytes).
    Removing stm32f0xx_hal_flash.o(i.HAL_FLASH_OperationErrorCallback), (2 bytes).
    Removing stm32f0xx_hal_flash.o(i.HAL_FLASH_Program), (124 bytes).
    Removing stm32f0xx_hal_flash.o(i.HAL_FLASH_Program_IT), (100 bytes).
    Removing stm32f0xx_hal_flash.o(i.HAL_FLASH_Unlock), (36 bytes).
    Removing stm32f0xx_hal_flash.o(.bss), (32 bytes).
    Removing stm32f0xx_hal_flash_ex.o(.rev16_text), (4 bytes).
    Removing stm32f0xx_hal_flash_ex.o(.revsh_text), (4 bytes).
    Removing stm32f0xx_hal_flash_ex.o(i.FLASH_MassErase), (36 bytes).
    Removing stm32f0xx_hal_flash_ex.o(i.FLASH_OB_DisableWRP), (108 bytes).
    Removing stm32f0xx_hal_flash_ex.o(i.FLASH_OB_EnableWRP), (108 bytes).
    Removing stm32f0xx_hal_flash_ex.o(i.FLASH_OB_GetRDP), (32 bytes).
    Removing stm32f0xx_hal_flash_ex.o(i.FLASH_OB_RDP_LevelConfig), (96 bytes).
    Removing stm32f0xx_hal_flash_ex.o(i.FLASH_PageErase), (36 bytes).
    Removing stm32f0xx_hal_flash_ex.o(i.HAL_FLASHEx_Erase), (160 bytes).
    Removing stm32f0xx_hal_flash_ex.o(i.HAL_FLASHEx_Erase_IT), (88 bytes).
    Removing stm32f0xx_hal_flash_ex.o(i.HAL_FLASHEx_OBErase), (80 bytes).
    Removing stm32f0xx_hal_flash_ex.o(i.HAL_FLASHEx_OBGetConfig), (36 bytes).
    Removing stm32f0xx_hal_flash_ex.o(i.HAL_FLASHEx_OBGetUserData), (28 bytes).
    Removing stm32f0xx_hal_flash_ex.o(i.HAL_FLASHEx_OBProgram), (204 bytes).
    Removing system_stm32f0xx.o(.rev16_text), (4 bytes).
    Removing system_stm32f0xx.o(.revsh_text), (4 bytes).
    Removing system_stm32f0xx.o(i.SystemCoreClockUpdate), (108 bytes).
    Removing stm32f0xx_hal_dma.o(i.__ARM_common_switch8), (26 bytes).

232 unused section(s) (total 13804 bytes) removed from the image.

==============================================================================

Image Symbol Table

    Local Symbols

    Symbol Name                              Value     Ov Type        Size  Object(Section)

    ..//Src/system_stm32f0xx.c               0x00000000   Number         0  system_stm32f0xx.o ABSOLUTE
    ../Drivers/STM32F0xx_HAL_Driver/Src/stm32f0xx_hal.c 0x00000000   Number         0  stm32f0xx_hal.o ABSOLUTE
    ../Drivers/STM32F0xx_HAL_Driver/Src/stm32f0xx_hal_cortex.c 0x00000000   Number         0  stm32f0xx_hal_cortex.o ABSOLUTE
    ../Drivers/STM32F0xx_HAL_Driver/Src/stm32f0xx_hal_dma.c 0x00000000   Number         0  stm32f0xx_hal_dma.o ABSOLUTE
    ../Drivers/STM32F0xx_HAL_Driver/Src/stm32f0xx_hal_flash.c 0x00000000   Number         0  stm32f0xx_hal_flash.o ABSOLUTE
    ../Drivers/STM32F0xx_HAL_Driver/Src/stm32f0xx_hal_flash_ex.c 0x00000000   Number         0  stm32f0xx_hal_flash_ex.o ABSOLUTE
    ../Drivers/STM32F0xx_HAL_Driver/Src/stm32f0xx_hal_gpio.c 0x00000000   Number         0  stm32f0xx_hal_gpio.o ABSOLUTE
    ../Drivers/STM32F0xx_HAL_Driver/Src/stm32f0xx_hal_i2c.c 0x00000000   Number         0  stm32f0xx_hal_i2c.o ABSOLUTE
    ../Drivers/STM32F0xx_HAL_Driver/Src/stm32f0xx_hal_i2c_ex.c 0x00000000   Number         0  stm32f0xx_hal_i2c_ex.o ABSOLUTE
    ../Drivers/STM32F0xx_HAL_Driver/Src/stm32f0xx_hal_pwr.c 0x00000000   Number         0  stm32f0xx_hal_pwr.o ABSOLUTE
    ../Drivers/STM32F0xx_HAL_Driver/Src/stm32f0xx_hal_pwr_ex.c 0x00000000   Number         0  stm32f0xx_hal_pwr_ex.o ABSOLUTE
    ../Drivers/STM32F0xx_HAL_Driver/Src/stm32f0xx_hal_rcc.c 0x00000000   Number         0  stm32f0xx_hal_rcc.o ABSOLUTE
    ../Drivers/STM32F0xx_HAL_Driver/Src/stm32f0xx_hal_rcc_ex.c 0x00000000   Number         0  stm32f0xx_hal_rcc_ex.o ABSOLUTE
    ../Drivers/STM32F0xx_HAL_Driver/Src/stm32f0xx_hal_tim.c 0x00000000   Number         0  stm32f0xx_hal_tim.o ABSOLUTE
    ../Drivers/STM32F0xx_HAL_Driver/Src/stm32f0xx_hal_tim_ex.c 0x00000000   Number         0  stm32f0xx_hal_tim_ex.o ABSOLUTE
    ../Drivers/STM32F0xx_HAL_Driver/Src/stm32f0xx_hal_uart.c 0x00000000   Number         0  stm32f0xx_hal_uart.o ABSOLUTE
    ../Drivers/STM32F0xx_HAL_Driver/Src/stm32f0xx_hal_uart_ex.c 0x00000000   Number         0  stm32f0xx_hal_uart_ex.o ABSOLUTE
    ../Src/main.c                            0x00000000   Number         0  main.o ABSOLUTE
    ../Src/stm32f0xx_hal_msp.c               0x00000000   Number         0  stm32f0xx_hal_msp.o ABSOLUTE
    ../Src/stm32f0xx_it.c                    0x00000000   Number         0  stm32f0xx_it.o ABSOLUTE
    ../clib/microlib/division.c              0x00000000   Number         0  uidiv.o ABSOLUTE
    ../clib/microlib/init/entry.s            0x00000000   Number         0  entry10b.o ABSOLUTE
    ../clib/microlib/init/entry.s            0x00000000   Number         0  entry11a.o ABSOLUTE
    ../clib/microlib/init/entry.s            0x00000000   Number         0  entry10a.o ABSOLUTE
    ../clib/microlib/init/entry.s            0x00000000   Number         0  entry9b.o ABSOLUTE
    ../clib/microlib/init/entry.s            0x00000000   Number         0  entry5.o ABSOLUTE
    ../clib/microlib/init/entry.s            0x00000000   Number         0  entry7b.o ABSOLUTE
    ../clib/microlib/init/entry.s            0x00000000   Number         0  entry7a.o ABSOLUTE
    ../clib/microlib/init/entry.s            0x00000000   Number         0  entry2.o ABSOLUTE
    ../clib/microlib/init/entry.s            0x00000000   Number         0  entry11b.o ABSOLUTE
    ../clib/microlib/init/entry.s            0x00000000   Number         0  entry8a.o ABSOLUTE
    ../clib/microlib/init/entry.s            0x00000000   Number         0  entry8b.o ABSOLUTE
    ../clib/microlib/init/entry.s            0x00000000   Number         0  entry9a.o ABSOLUTE
    ../clib/microlib/init/entry.s            0x00000000   Number         0  entry.o ABSOLUTE
    ../clib/microlib/longlong.c              0x00000000   Number         0  llushr.o ABSOLUTE
    ../clib/microlib/stdlib/rand.c           0x00000000   Number         0  rand.o ABSOLUTE
    ../clib/microlib/string/memset.c         0x00000000   Number         0  memseta.o ABSOLUTE
    ..\Drivers\LDC1612\LDC_i2c.c             0x00000000   Number         0  ldc_i2c.o ABSOLUTE
    ..\Drivers\STM32F0xx_HAL_Driver\Src\stm32f0xx_hal.c 0x00000000   Number         0  stm32f0xx_hal.o ABSOLUTE
    ..\Drivers\STM32F0xx_HAL_Driver\Src\stm32f0xx_hal_cortex.c 0x00000000   Number         0  stm32f0xx_hal_cortex.o ABSOLUTE
    ..\Drivers\STM32F0xx_HAL_Driver\Src\stm32f0xx_hal_dma.c 0x00000000   Number         0  stm32f0xx_hal_dma.o ABSOLUTE
    ..\Drivers\STM32F0xx_HAL_Driver\Src\stm32f0xx_hal_flash.c 0x00000000   Number         0  stm32f0xx_hal_flash.o ABSOLUTE
    ..\Drivers\STM32F0xx_HAL_Driver\Src\stm32f0xx_hal_flash_ex.c 0x00000000   Number         0  stm32f0xx_hal_flash_ex.o ABSOLUTE
    ..\Drivers\STM32F0xx_HAL_Driver\Src\stm32f0xx_hal_gpio.c 0x00000000   Number         0  stm32f0xx_hal_gpio.o ABSOLUTE
    ..\Drivers\STM32F0xx_HAL_Driver\Src\stm32f0xx_hal_i2c.c 0x00000000   Number         0  stm32f0xx_hal_i2c.o ABSOLUTE
    ..\Drivers\STM32F0xx_HAL_Driver\Src\stm32f0xx_hal_i2c_ex.c 0x00000000   Number         0  stm32f0xx_hal_i2c_ex.o ABSOLUTE
    ..\Drivers\STM32F0xx_HAL_Driver\Src\stm32f0xx_hal_pwr.c 0x00000000   Number         0  stm32f0xx_hal_pwr.o ABSOLUTE
    ..\Drivers\STM32F0xx_HAL_Driver\Src\stm32f0xx_hal_pwr_ex.c 0x00000000   Number         0  stm32f0xx_hal_pwr_ex.o ABSOLUTE
    ..\Drivers\STM32F0xx_HAL_Driver\Src\stm32f0xx_hal_rcc.c 0x00000000   Number         0  stm32f0xx_hal_rcc.o ABSOLUTE
    ..\Drivers\STM32F0xx_HAL_Driver\Src\stm32f0xx_hal_rcc_ex.c 0x00000000   Number         0  stm32f0xx_hal_rcc_ex.o ABSOLUTE
    ..\Drivers\STM32F0xx_HAL_Driver\Src\stm32f0xx_hal_tim.c 0x00000000   Number         0  stm32f0xx_hal_tim.o ABSOLUTE
    ..\Drivers\STM32F0xx_HAL_Driver\Src\stm32f0xx_hal_tim_ex.c 0x00000000   Number         0  stm32f0xx_hal_tim_ex.o ABSOLUTE
    ..\Drivers\STM32F0xx_HAL_Driver\Src\stm32f0xx_hal_uart.c 0x00000000   Number         0  stm32f0xx_hal_uart.o ABSOLUTE
    ..\Drivers\STM32F0xx_HAL_Driver\Src\stm32f0xx_hal_uart_ex.c 0x00000000   Number         0  stm32f0xx_hal_uart_ex.o ABSOLUTE
    ..\Drivers\UART_Communication\UART_Communication.c 0x00000000   Number         0  uart_communication.o ABSOLUTE
    ..\Src\main.c                            0x00000000   Number         0  main.o ABSOLUTE
    ..\Src\stm32f0xx_hal_msp.c               0x00000000   Number         0  stm32f0xx_hal_msp.o ABSOLUTE
    ..\Src\stm32f0xx_it.c                    0x00000000   Number         0  stm32f0xx_it.o ABSOLUTE
    ..\\Drivers\\LDC1612\\LDC_i2c.c          0x00000000   Number         0  ldc_i2c.o ABSOLUTE
    ..\\Drivers\\UART_Communication\\UART_Communication.c 0x00000000   Number         0  uart_communication.o ABSOLUTE
    ..\\Src\system_stm32f0xx.c               0x00000000   Number         0  system_stm32f0xx.o ABSOLUTE
    dc.s                                     0x00000000   Number         0  dc.o ABSOLUTE
    handlers.s                               0x00000000   Number         0  handlers.o ABSOLUTE
    init.s                                   0x00000000   Number         0  init.o ABSOLUTE
    startup_stm32f030x8.s                    0x00000000   Number         0  startup_stm32f030x8.o ABSOLUTE
    RESET                                    0x08000000   Section      180  startup_stm32f030x8.o(RESET)
    .ARM.Collect$$$$00000000                 0x080000b4   Section        0  entry.o(.ARM.Collect$$$$00000000)
    .ARM.Collect$$$$00000001                 0x080000b4   Section        4  entry2.o(.ARM.Collect$$$$00000001)
    .ARM.Collect$$$$00000004                 0x080000b8   Section        4  entry5.o(.ARM.Collect$$$$00000004)
    .ARM.Collect$$$$00000008                 0x080000bc   Section        0  entry7b.o(.ARM.Collect$$$$00000008)
    .ARM.Collect$$$$0000000A                 0x080000bc   Section        0  entry8b.o(.ARM.Collect$$$$0000000A)
    .ARM.Collect$$$$0000000B                 0x080000bc   Section        8  entry9a.o(.ARM.Collect$$$$0000000B)
    .ARM.Collect$$$$0000000D                 0x080000c4   Section        0  entry10a.o(.ARM.Collect$$$$0000000D)
    .ARM.Collect$$$$0000000F                 0x080000c4   Section        0  entry11a.o(.ARM.Collect$$$$0000000F)
    .ARM.Collect$$$$00002712                 0x080000c4   Section        4  entry2.o(.ARM.Collect$$$$00002712)
    __lit__00000000                          0x080000c4   Data           4  entry2.o(.ARM.Collect$$$$00002712)
    .text                                    0x080000c8   Section       28  startup_stm32f030x8.o(.text)
    .text                                    0x080000e4   Section        0  uidiv.o(.text)
    .text                                    0x08000110   Section        0  memseta.o(.text)
    .text                                    0x08000134   Section       36  init.o(.text)
    i.HAL_DMA_Abort_IT                       0x08000158   Section        0  stm32f0xx_hal_dma.o(i.HAL_DMA_Abort_IT)
    i.HAL_Delay                              0x080001a0   Section        0  stm32f0xx_hal.o(i.HAL_Delay)
    i.HAL_GPIO_DeInit                        0x080001bc   Section        0  stm32f0xx_hal_gpio.o(i.HAL_GPIO_DeInit)
    i.HAL_GPIO_Init                          0x08000290   Section        0  stm32f0xx_hal_gpio.o(i.HAL_GPIO_Init)
    i.HAL_GPIO_WritePin                      0x080003d8   Section        0  stm32f0xx_hal_gpio.o(i.HAL_GPIO_WritePin)
    i.HAL_GetTick                            0x080003e4   Section        0  stm32f0xx_hal.o(i.HAL_GetTick)
    i.HAL_I2CEx_ConfigAnalogFilter           0x080003f0   Section        0  stm32f0xx_hal_i2c_ex.o(i.HAL_I2CEx_ConfigAnalogFilter)
    i.HAL_I2CEx_ConfigDigitalFilter          0x0800043a   Section        0  stm32f0xx_hal_i2c_ex.o(i.HAL_I2CEx_ConfigDigitalFilter)
    i.HAL_I2C_AbortCpltCallback              0x08000482   Section        0  stm32f0xx_hal_i2c.o(i.HAL_I2C_AbortCpltCallback)
    i.HAL_I2C_AddrCallback                   0x08000484   Section        0  stm32f0xx_hal_i2c.o(i.HAL_I2C_AddrCallback)
    i.HAL_I2C_DeInit                         0x08000486   Section        0  stm32f0xx_hal_i2c.o(i.HAL_I2C_DeInit)
    i.HAL_I2C_ER_IRQHandler                  0x080004ba   Section        0  stm32f0xx_hal_i2c.o(i.HAL_I2C_ER_IRQHandler)
    i.HAL_I2C_EV_IRQHandler                  0x08000512   Section        0  stm32f0xx_hal_i2c.o(i.HAL_I2C_EV_IRQHandler)
    i.HAL_I2C_ErrorCallback                  0x08000524   Section        0  ldc_i2c.o(i.HAL_I2C_ErrorCallback)
    i.HAL_I2C_GetError                       0x08000534   Section        0  stm32f0xx_hal_i2c.o(i.HAL_I2C_GetError)
    i.HAL_I2C_GetState                       0x08000538   Section        0  stm32f0xx_hal_i2c.o(i.HAL_I2C_GetState)
    i.HAL_I2C_Init                           0x08000540   Section        0  stm32f0xx_hal_i2c.o(i.HAL_I2C_Init)
    i.HAL_I2C_ListenCpltCallback             0x080005f4   Section        0  stm32f0xx_hal_i2c.o(i.HAL_I2C_ListenCpltCallback)
    i.HAL_I2C_MasterRxCpltCallback           0x080005f8   Section        0  ldc_i2c.o(i.HAL_I2C_MasterRxCpltCallback)
    i.HAL_I2C_MasterTxCpltCallback           0x08000614   Section        0  ldc_i2c.o(i.HAL_I2C_MasterTxCpltCallback)
    i.HAL_I2C_Master_Abort_IT                0x08000630   Section        0  stm32f0xx_hal_i2c.o(i.HAL_I2C_Master_Abort_IT)
    i.HAL_I2C_Master_Receive_IT              0x08000688   Section        0  stm32f0xx_hal_i2c.o(i.HAL_I2C_Master_Receive_IT)
    i.HAL_I2C_Master_Transmit_IT             0x08000704   Section        0  stm32f0xx_hal_i2c.o(i.HAL_I2C_Master_Transmit_IT)
    i.HAL_I2C_MemRxCpltCallback              0x08000780   Section        0  stm32f0xx_hal_i2c.o(i.HAL_I2C_MemRxCpltCallback)
    i.HAL_I2C_MemTxCpltCallback              0x08000782   Section        0  stm32f0xx_hal_i2c.o(i.HAL_I2C_MemTxCpltCallback)
    i.HAL_I2C_MspDeInit                      0x08000784   Section        0  stm32f0xx_hal_msp.o(i.HAL_I2C_MspDeInit)
    i.HAL_I2C_MspInit                        0x080007b8   Section        0  stm32f0xx_hal_msp.o(i.HAL_I2C_MspInit)
    i.HAL_I2C_SlaveRxCpltCallback            0x08000810   Section        0  stm32f0xx_hal_i2c.o(i.HAL_I2C_SlaveRxCpltCallback)
    i.HAL_I2C_SlaveTxCpltCallback            0x08000812   Section        0  stm32f0xx_hal_i2c.o(i.HAL_I2C_SlaveTxCpltCallback)
    i.HAL_IncTick                            0x08000814   Section        0  stm32f0xx_hal.o(i.HAL_IncTick)
    i.HAL_Init                               0x08000824   Section        0  stm32f0xx_hal.o(i.HAL_Init)
    i.HAL_InitTick                           0x08000844   Section        0  stm32f0xx_hal.o(i.HAL_InitTick)
    i.HAL_MspInit                            0x08000868   Section        0  stm32f0xx_hal_msp.o(i.HAL_MspInit)
    i.HAL_NVIC_DisableIRQ                    0x080008ac   Section        0  stm32f0xx_hal_cortex.o(i.HAL_NVIC_DisableIRQ)
    i.HAL_NVIC_EnableIRQ                     0x080008c0   Section        0  stm32f0xx_hal_cortex.o(i.HAL_NVIC_EnableIRQ)
    i.HAL_NVIC_SetPriority                   0x080008d4   Section        0  stm32f0xx_hal_cortex.o(i.HAL_NVIC_SetPriority)
    i.HAL_RCCEx_PeriphCLKConfig              0x080008dc   Section        0  stm32f0xx_hal_rcc_ex.o(i.HAL_RCCEx_PeriphCLKConfig)
    i.HAL_RCC_ClockConfig                    0x080009c4   Section        0  stm32f0xx_hal_rcc.o(i.HAL_RCC_ClockConfig)
    i.HAL_RCC_GetHCLKFreq                    0x08000af0   Section        0  stm32f0xx_hal_rcc.o(i.HAL_RCC_GetHCLKFreq)
    i.HAL_RCC_GetPCLK1Freq                   0x08000afc   Section        0  stm32f0xx_hal_rcc.o(i.HAL_RCC_GetPCLK1Freq)
    i.HAL_RCC_GetSysClockFreq                0x08000b1c   Section        0  stm32f0xx_hal_rcc.o(i.HAL_RCC_GetSysClockFreq)
    i.HAL_RCC_OscConfig                      0x08000b94   Section        0  stm32f0xx_hal_rcc.o(i.HAL_RCC_OscConfig)
    i.HAL_RS485Ex_Init                       0x08000ee8   Section        0  stm32f0xx_hal_uart_ex.o(i.HAL_RS485Ex_Init)
    i.HAL_SYSTICK_CLKSourceConfig            0x08000f78   Section        0  stm32f0xx_hal_cortex.o(i.HAL_SYSTICK_CLKSourceConfig)
    i.HAL_SYSTICK_Callback                   0x08000f90   Section        0  stm32f0xx_hal_cortex.o(i.HAL_SYSTICK_Callback)
    i.HAL_SYSTICK_Config                     0x08000f94   Section        0  stm32f0xx_hal_cortex.o(i.HAL_SYSTICK_Config)
    i.HAL_SYSTICK_IRQHandler                 0x08000fc4   Section        0  stm32f0xx_hal_cortex.o(i.HAL_SYSTICK_IRQHandler)
    i.HAL_UART_ErrorCallback                 0x08000fcc   Section        0  stm32f0xx_hal_uart.o(i.HAL_UART_ErrorCallback)
    i.HAL_UART_IRQHandler                    0x08000fd0   Section        0  stm32f0xx_hal_uart.o(i.HAL_UART_IRQHandler)
    i.HAL_UART_MspInit                       0x080010e4   Section        0  stm32f0xx_hal_msp.o(i.HAL_UART_MspInit)
    i.HAL_UART_Receive_IT                    0x08001140   Section        0  stm32f0xx_hal_uart.o(i.HAL_UART_Receive_IT)
    i.HAL_UART_RxCpltCallback                0x080011c8   Section        0  stm32f0xx_it.o(i.HAL_UART_RxCpltCallback)
    i.HAL_UART_TxCpltCallback                0x080011f8   Section        0  uart_communication.o(i.HAL_UART_TxCpltCallback)
    i.HardFault_Handler                      0x08001208   Section        0  stm32f0xx_it.o(i.HardFault_Handler)
    i.I2C1_IRQHandler                        0x0800120c   Section        0  stm32f0xx_it.o(i.I2C1_IRQHandler)
    i.I2C_DMAAbort                           0x0800122c   Section        0  stm32f0xx_hal_i2c.o(i.I2C_DMAAbort)
    I2C_DMAAbort                             0x0800122d   Thumb Code    52  stm32f0xx_hal_i2c.o(i.I2C_DMAAbort)
    i.I2C_Disable_IRQ                        0x08001260   Section        0  stm32f0xx_hal_i2c.o(i.I2C_Disable_IRQ)
    I2C_Disable_IRQ                          0x08001261   Thumb Code    86  stm32f0xx_hal_i2c.o(i.I2C_Disable_IRQ)
    i.I2C_Enable_IRQ                         0x080012b8   Section        0  stm32f0xx_hal_i2c.o(i.I2C_Enable_IRQ)
    I2C_Enable_IRQ                           0x080012b9   Thumb Code    92  stm32f0xx_hal_i2c.o(i.I2C_Enable_IRQ)
    i.I2C_Flush_TXDR                         0x0800131c   Section        0  stm32f0xx_hal_i2c.o(i.I2C_Flush_TXDR)
    I2C_Flush_TXDR                           0x0800131d   Thumb Code    34  stm32f0xx_hal_i2c.o(i.I2C_Flush_TXDR)
    i.I2C_ITAddrCplt                         0x0800133e   Section        0  stm32f0xx_hal_i2c.o(i.I2C_ITAddrCplt)
    I2C_ITAddrCplt                           0x0800133f   Thumb Code   122  stm32f0xx_hal_i2c.o(i.I2C_ITAddrCplt)
    i.I2C_ITError                            0x080013b8   Section        0  stm32f0xx_hal_i2c.o(i.I2C_ITError)
    I2C_ITError                              0x080013b9   Thumb Code   190  stm32f0xx_hal_i2c.o(i.I2C_ITError)
    i.I2C_ITListenCplt                       0x08001484   Section        0  stm32f0xx_hal_i2c.o(i.I2C_ITListenCplt)
    I2C_ITListenCplt                         0x08001485   Thumb Code    90  stm32f0xx_hal_i2c.o(i.I2C_ITListenCplt)
    i.I2C_ITMasterCplt                       0x080014e4   Section        0  stm32f0xx_hal_i2c.o(i.I2C_ITMasterCplt)
    I2C_ITMasterCplt                         0x080014e5   Thumb Code   152  stm32f0xx_hal_i2c.o(i.I2C_ITMasterCplt)
    i.I2C_ITMasterSequentialCplt             0x08001584   Section        0  stm32f0xx_hal_i2c.o(i.I2C_ITMasterSequentialCplt)
    I2C_ITMasterSequentialCplt               0x08001585   Thumb Code    70  stm32f0xx_hal_i2c.o(i.I2C_ITMasterSequentialCplt)
    i.I2C_ITSlaveCplt                        0x080015cc   Section        0  stm32f0xx_hal_i2c.o(i.I2C_ITSlaveCplt)
    I2C_ITSlaveCplt                          0x080015cd   Thumb Code   224  stm32f0xx_hal_i2c.o(i.I2C_ITSlaveCplt)
    i.I2C_ITSlaveSequentialCplt              0x080016b4   Section        0  stm32f0xx_hal_i2c.o(i.I2C_ITSlaveSequentialCplt)
    I2C_ITSlaveSequentialCplt                0x080016b5   Thumb Code    74  stm32f0xx_hal_i2c.o(i.I2C_ITSlaveSequentialCplt)
    i.I2C_Master_ISR_DMA                     0x080016fe   Section        0  stm32f0xx_hal_i2c.o(i.I2C_Master_ISR_DMA)
    I2C_Master_ISR_DMA                       0x080016ff   Thumb Code   194  stm32f0xx_hal_i2c.o(i.I2C_Master_ISR_DMA)
    i.I2C_Master_ISR_IT                      0x080017c0   Section        0  stm32f0xx_hal_i2c.o(i.I2C_Master_ISR_IT)
    I2C_Master_ISR_IT                        0x080017c1   Thumb Code   292  stm32f0xx_hal_i2c.o(i.I2C_Master_ISR_IT)
    i.I2C_ReadLDCWhoAmI                      0x080018e8   Section        0  ldc_i2c.o(i.I2C_ReadLDCWhoAmI)
    i.I2C_Slave_ISR_DMA                      0x08001960   Section        0  stm32f0xx_hal_i2c.o(i.I2C_Slave_ISR_DMA)
    I2C_Slave_ISR_DMA                        0x08001961   Thumb Code   104  stm32f0xx_hal_i2c.o(i.I2C_Slave_ISR_DMA)
    i.I2C_Slave_ISR_IT                       0x080019c8   Section        0  stm32f0xx_hal_i2c.o(i.I2C_Slave_ISR_IT)
    I2C_Slave_ISR_IT                         0x080019c9   Thumb Code   274  stm32f0xx_hal_i2c.o(i.I2C_Slave_ISR_IT)
    i.I2C_TransferConfig                     0x08001ae0   Section        0  stm32f0xx_hal_i2c.o(i.I2C_TransferConfig)
    I2C_TransferConfig                       0x08001ae1   Thumb Code    30  stm32f0xx_hal_i2c.o(i.I2C_TransferConfig)
    i.LDC_Abort_Transfers                    0x08001b04   Section        0  ldc_i2c.o(i.LDC_Abort_Transfers)
    i.LDC_Config                             0x08001b14   Section        0  ldc_i2c.o(i.LDC_Config)
    i.LDC_Config_All                         0x08001b3c   Section        0  ldc_i2c.o(i.LDC_Config_All)
    i.LDC_Control                            0x08001bf0   Section        0  ldc_i2c.o(i.LDC_Control)
    i.LDC_I2C_DeInit                         0x08001c28   Section        0  ldc_i2c.o(i.LDC_I2C_DeInit)
    i.LDC_I2C_ReInit                         0x08001c40   Section        0  ldc_i2c.o(i.LDC_I2C_ReInit)
    i.LDC_Read_Data                          0x08001c60   Section        0  ldc_i2c.o(i.LDC_Read_Data)
    i.LDC_STATUS_UNREADCONV1                 0x08001d10   Section        0  ldc_i2c.o(i.LDC_STATUS_UNREADCONV1)
    i.LDC_Sleep                              0x08001d70   Section        0  ldc_i2c.o(i.LDC_Sleep)
    i.LDC_Startup                            0x08001d9c   Section        0  ldc_i2c.o(i.LDC_Startup)
    i.LDC_Wakeup                             0x08001dec   Section        0  ldc_i2c.o(i.LDC_Wakeup)
    i.MX_GPIO_Init                           0x08001e18   Section        0  main.o(i.MX_GPIO_Init)
    MX_GPIO_Init                             0x08001e19   Thumb Code   106  main.o(i.MX_GPIO_Init)
    i.MX_I2C1_Init                           0x08001e8c   Section        0  main.o(i.MX_I2C1_Init)
    MX_I2C1_Init                             0x08001e8d   Thumb Code    70  main.o(i.MX_I2C1_Init)
    i.MX_USART1_UART_Init                    0x08001ee0   Section        0  main.o(i.MX_USART1_UART_Init)
    MX_USART1_UART_Init                      0x08001ee1   Thumb Code    50  main.o(i.MX_USART1_UART_Init)
    i.NMI_Handler                            0x08001f1c   Section        0  stm32f0xx_it.o(i.NMI_Handler)
    i.NVIC_SetPriority                       0x08001f20   Section        0  stm32f0xx_hal_cortex.o(i.NVIC_SetPriority)
    NVIC_SetPriority                         0x08001f21   Thumb Code    60  stm32f0xx_hal_cortex.o(i.NVIC_SetPriority)
    i.PendSV_Handler                         0x08001f64   Section        0  stm32f0xx_it.o(i.PendSV_Handler)
    i.SVC_Handler                            0x08001f66   Section        0  stm32f0xx_it.o(i.SVC_Handler)
    i.SysTick_Handler                        0x08001f68   Section        0  stm32f0xx_it.o(i.SysTick_Handler)
    i.SystemClock_Config                     0x08001fbc   Section        0  main.o(i.SystemClock_Config)
    i.SystemInit                             0x0800203c   Section        0  system_stm32f0xx.o(i.SystemInit)
    i.UART_AdvFeatureConfig                  0x08002098   Section        0  stm32f0xx_hal_uart.o(i.UART_AdvFeatureConfig)
    i.UART_CheckIdleState                    0x08002162   Section        0  stm32f0xx_hal_uart.o(i.UART_CheckIdleState)
    i.UART_DMAAbortOnError                   0x08002174   Section        0  stm32f0xx_hal_uart.o(i.UART_DMAAbortOnError)
    UART_DMAAbortOnError                     0x08002175   Thumb Code    20  stm32f0xx_hal_uart.o(i.UART_DMAAbortOnError)
    i.UART_EndRxTransfer                     0x08002188   Section        0  stm32f0xx_hal_uart.o(i.UART_EndRxTransfer)
    UART_EndRxTransfer                       0x08002189   Thumb Code    30  stm32f0xx_hal_uart.o(i.UART_EndRxTransfer)
    i.UART_EndTransmit_IT                    0x080021a6   Section        0  stm32f0xx_hal_uart.o(i.UART_EndTransmit_IT)
    i.UART_Receive_IT                        0x080021c0   Section        0  stm32f0xx_hal_uart.o(i.UART_Receive_IT)
    i.UART_SetConfig                         0x0800223c   Section        0  stm32f0xx_hal_uart.o(i.UART_SetConfig)
    i.UART_Transmit_IT                       0x0800236c   Section        0  stm32f0xx_hal_uart.o(i.UART_Transmit_IT)
    i.UC_IRQ_Virtual_RX                      0x080023d4   Section        0  uart_communication.o(i.UC_IRQ_Virtual_RX)
    i.UC_IRQ_Virtual_Systick                 0x0800240c   Section        0  uart_communication.o(i.UC_IRQ_Virtual_Systick)
    i.UC_Startup                             0x0800243c   Section        0  uart_communication.o(i.UC_Startup)
    i.USART1_IRQHandler                      0x0800245c   Section        0  stm32f0xx_it.o(i.USART1_IRQHandler)
    i.__scatterload_copy                     0x0800246c   Section       14  handlers.o(i.__scatterload_copy)
    i.__scatterload_null                     0x0800247a   Section        2  handlers.o(i.__scatterload_null)
    i.__scatterload_zeroinit                 0x0800247c   Section       14  handlers.o(i.__scatterload_zeroinit)
    i.i2c_LDC_Read_Data                      0x0800248c   Section        0  ldc_i2c.o(i.i2c_LDC_Read_Data)
    i.i2c_master_read                        0x08002524   Section        0  ldc_i2c.o(i.i2c_master_read)
    i.i2c_master_write                       0x08002584   Section        0  ldc_i2c.o(i.i2c_master_write)
    i.isModeTest                             0x080025e8   Section        0  ldc_i2c.o(i.isModeTest)
    i.isSleepModeTEST                        0x08002644   Section        0  ldc_i2c.o(i.isSleepModeTEST)
    i.main                                   0x080026a0   Section        0  main.o(i.main)
    .constdata                               0x080026c6   Section       16  system_stm32f0xx.o(.constdata)
    .constdata                               0x080026d6   Section        8  system_stm32f0xx.o(.constdata)
    .data                                    0x20000000   Section       16  ldc_i2c.o(.data)
    .data                                    0x20000010   Section        2  ldc_i2c.o(.data)
    .data                                    0x20000012   Section        2  ldc_i2c.o(.data)
    .data                                    0x20000014   Section        4  stm32f0xx_hal.o(.data)
    .data                                    0x20000018   Section        4  system_stm32f0xx.o(.data)
    .bss                                     0x2000001c   Section      138  uart_communication.o(.bss)
    .bss                                     0x200000a8   Section      188  main.o(.bss)
    STACK                                    0x20000168   Section     1024  startup_stm32f030x8.o(STACK)

    Global Symbols

    Symbol Name                              Value     Ov Type        Size  Object(Section)

    BuildAttributes$$THM_ISAv3M$S$PE$A:L22$X:L11$S22$IEEE1$IW$USESV6$~STKCKD$USESV7$~SHL$OSPACE$EBA8$MICROLIB$REQ8$PRES8$EABIv2 0x00000000   Number         0  anon$$obj.o ABSOLUTE
    __ARM_use_no_argv                        0x00000000   Number         0  main.o ABSOLUTE
    __cpp_initialize__aeabi_                  - Undefined Weak Reference
    __cxa_finalize                            - Undefined Weak Reference
    __decompress                              - Undefined Weak Reference
    _clock_init                               - Undefined Weak Reference
    _microlib_exit                            - Undefined Weak Reference
    __Vectors_Size                           0x000000b4   Number         0  startup_stm32f030x8.o ABSOLUTE
    __Vectors                                0x08000000   Data           4  startup_stm32f030x8.o(RESET)
    __Vectors_End                            0x080000b4   Data           0  startup_stm32f030x8.o(RESET)
    __main                                   0x080000b5   Thumb Code     0  entry.o(.ARM.Collect$$$$00000000)
    _main_stk                                0x080000b5   Thumb Code     0  entry2.o(.ARM.Collect$$$$00000001)
    _main_scatterload                        0x080000b9   Thumb Code     0  entry5.o(.ARM.Collect$$$$00000004)
    __main_after_scatterload                 0x080000bd   Thumb Code     0  entry5.o(.ARM.Collect$$$$00000004)
    _main_clock                              0x080000bd   Thumb Code     0  entry7b.o(.ARM.Collect$$$$00000008)
    _main_cpp_init                           0x080000bd   Thumb Code     0  entry8b.o(.ARM.Collect$$$$0000000A)
    _main_init                               0x080000bd   Thumb Code     0  entry9a.o(.ARM.Collect$$$$0000000B)
    __rt_final_cpp                           0x080000c5   Thumb Code     0  entry10a.o(.ARM.Collect$$$$0000000D)
    __rt_final_exit                          0x080000c5   Thumb Code     0  entry11a.o(.ARM.Collect$$$$0000000F)
    Reset_Handler                            0x080000c9   Thumb Code     8  startup_stm32f030x8.o(.text)
    ADC1_IRQHandler                          0x080000db   Thumb Code     0  startup_stm32f030x8.o(.text)
    DMA1_Channel1_IRQHandler                 0x080000db   Thumb Code     0  startup_stm32f030x8.o(.text)
    DMA1_Channel2_3_IRQHandler               0x080000db   Thumb Code     0  startup_stm32f030x8.o(.text)
    DMA1_Channel4_5_IRQHandler               0x080000db   Thumb Code     0  startup_stm32f030x8.o(.text)
    EXTI0_1_IRQHandler                       0x080000db   Thumb Code     0  startup_stm32f030x8.o(.text)
    EXTI2_3_IRQHandler                       0x080000db   Thumb Code     0  startup_stm32f030x8.o(.text)
    EXTI4_15_IRQHandler                      0x080000db   Thumb Code     0  startup_stm32f030x8.o(.text)
    FLASH_IRQHandler                         0x080000db   Thumb Code     0  startup_stm32f030x8.o(.text)
    I2C2_IRQHandler                          0x080000db   Thumb Code     0  startup_stm32f030x8.o(.text)
    RCC_IRQHandler                           0x080000db   Thumb Code     0  startup_stm32f030x8.o(.text)
    RTC_IRQHandler                           0x080000db   Thumb Code     0  startup_stm32f030x8.o(.text)
    SPI1_IRQHandler                          0x080000db   Thumb Code     0  startup_stm32f030x8.o(.text)
    SPI2_IRQHandler                          0x080000db   Thumb Code     0  startup_stm32f030x8.o(.text)
    TIM14_IRQHandler                         0x080000db   Thumb Code     0  startup_stm32f030x8.o(.text)
    TIM15_IRQHandler                         0x080000db   Thumb Code     0  startup_stm32f030x8.o(.text)
    TIM16_IRQHandler                         0x080000db   Thumb Code     0  startup_stm32f030x8.o(.text)
    TIM17_IRQHandler                         0x080000db   Thumb Code     0  startup_stm32f030x8.o(.text)
    TIM1_BRK_UP_TRG_COM_IRQHandler           0x080000db   Thumb Code     0  startup_stm32f030x8.o(.text)
    TIM1_CC_IRQHandler                       0x080000db   Thumb Code     0  startup_stm32f030x8.o(.text)
    TIM3_IRQHandler                          0x080000db   Thumb Code     0  startup_stm32f030x8.o(.text)
    TIM6_IRQHandler                          0x080000db   Thumb Code     0  startup_stm32f030x8.o(.text)
    USART2_IRQHandler                        0x080000db   Thumb Code     0  startup_stm32f030x8.o(.text)
    WWDG_IRQHandler                          0x080000db   Thumb Code     0  startup_stm32f030x8.o(.text)
    __aeabi_uidiv                            0x080000e5   Thumb Code     0  uidiv.o(.text)
    __aeabi_uidivmod                         0x080000e5   Thumb Code    44  uidiv.o(.text)
    __aeabi_memset                           0x08000111   Thumb Code    14  memseta.o(.text)
    __aeabi_memset4                          0x08000111   Thumb Code     0  memseta.o(.text)
    __aeabi_memset8                          0x08000111   Thumb Code     0  memseta.o(.text)
    __aeabi_memclr                           0x0800011f   Thumb Code     4  memseta.o(.text)
    __aeabi_memclr4                          0x0800011f   Thumb Code     0  memseta.o(.text)
    __aeabi_memclr8                          0x0800011f   Thumb Code     0  memseta.o(.text)
    _memset$wrapper                          0x08000123   Thumb Code    18  memseta.o(.text)
    __scatterload                            0x08000135   Thumb Code    28  init.o(.text)
    __scatterload_rt2                        0x08000135   Thumb Code     0  init.o(.text)
    HAL_DMA_Abort_IT                         0x08000159   Thumb Code    72  stm32f0xx_hal_dma.o(i.HAL_DMA_Abort_IT)
    HAL_Delay                                0x080001a1   Thumb Code    28  stm32f0xx_hal.o(i.HAL_Delay)
    HAL_GPIO_DeInit                          0x080001bd   Thumb Code   192  stm32f0xx_hal_gpio.o(i.HAL_GPIO_DeInit)
    HAL_GPIO_Init                            0x08000291   Thumb Code   302  stm32f0xx_hal_gpio.o(i.HAL_GPIO_Init)
    HAL_GPIO_WritePin                        0x080003d9   Thumb Code    12  stm32f0xx_hal_gpio.o(i.HAL_GPIO_WritePin)
    HAL_GetTick                              0x080003e5   Thumb Code     6  stm32f0xx_hal.o(i.HAL_GetTick)
    HAL_I2CEx_ConfigAnalogFilter             0x080003f1   Thumb Code    74  stm32f0xx_hal_i2c_ex.o(i.HAL_I2CEx_ConfigAnalogFilter)
    HAL_I2CEx_ConfigDigitalFilter            0x0800043b   Thumb Code    72  stm32f0xx_hal_i2c_ex.o(i.HAL_I2CEx_ConfigDigitalFilter)
    HAL_I2C_AbortCpltCallback                0x08000483   Thumb Code     2  stm32f0xx_hal_i2c.o(i.HAL_I2C_AbortCpltCallback)
    HAL_I2C_AddrCallback                     0x08000485   Thumb Code     2  stm32f0xx_hal_i2c.o(i.HAL_I2C_AddrCallback)
    HAL_I2C_DeInit                           0x08000487   Thumb Code    52  stm32f0xx_hal_i2c.o(i.HAL_I2C_DeInit)
    HAL_I2C_ER_IRQHandler                    0x080004bb   Thumb Code    88  stm32f0xx_hal_i2c.o(i.HAL_I2C_ER_IRQHandler)
    HAL_I2C_EV_IRQHandler                    0x08000513   Thumb Code    16  stm32f0xx_hal_i2c.o(i.HAL_I2C_EV_IRQHandler)
    HAL_I2C_ErrorCallback                    0x08000525   Thumb Code    12  ldc_i2c.o(i.HAL_I2C_ErrorCallback)
    HAL_I2C_GetError                         0x08000535   Thumb Code     4  stm32f0xx_hal_i2c.o(i.HAL_I2C_GetError)
    HAL_I2C_GetState                         0x08000539   Thumb Code     6  stm32f0xx_hal_i2c.o(i.HAL_I2C_GetState)
    HAL_I2C_Init                             0x08000541   Thumb Code   176  stm32f0xx_hal_i2c.o(i.HAL_I2C_Init)
    HAL_I2C_ListenCpltCallback               0x080005f5   Thumb Code     2  stm32f0xx_hal_i2c.o(i.HAL_I2C_ListenCpltCallback)
    HAL_I2C_MasterRxCpltCallback             0x080005f9   Thumb Code    18  ldc_i2c.o(i.HAL_I2C_MasterRxCpltCallback)
    HAL_I2C_MasterTxCpltCallback             0x08000615   Thumb Code    18  ldc_i2c.o(i.HAL_I2C_MasterTxCpltCallback)
    HAL_I2C_Master_Abort_IT                  0x08000631   Thumb Code    88  stm32f0xx_hal_i2c.o(i.HAL_I2C_Master_Abort_IT)
    HAL_I2C_Master_Receive_IT                0x08000689   Thumb Code   116  stm32f0xx_hal_i2c.o(i.HAL_I2C_Master_Receive_IT)
    HAL_I2C_Master_Transmit_IT               0x08000705   Thumb Code   116  stm32f0xx_hal_i2c.o(i.HAL_I2C_Master_Transmit_IT)
    HAL_I2C_MemRxCpltCallback                0x08000781   Thumb Code     2  stm32f0xx_hal_i2c.o(i.HAL_I2C_MemRxCpltCallback)
    HAL_I2C_MemTxCpltCallback                0x08000783   Thumb Code     2  stm32f0xx_hal_i2c.o(i.HAL_I2C_MemTxCpltCallback)
    HAL_I2C_MspDeInit                        0x08000785   Thumb Code    38  stm32f0xx_hal_msp.o(i.HAL_I2C_MspDeInit)
    HAL_I2C_MspInit                          0x080007b9   Thumb Code    76  stm32f0xx_hal_msp.o(i.HAL_I2C_MspInit)
    HAL_I2C_SlaveRxCpltCallback              0x08000811   Thumb Code     2  stm32f0xx_hal_i2c.o(i.HAL_I2C_SlaveRxCpltCallback)
    HAL_I2C_SlaveTxCpltCallback              0x08000813   Thumb Code     2  stm32f0xx_hal_i2c.o(i.HAL_I2C_SlaveTxCpltCallback)
    HAL_IncTick                              0x08000815   Thumb Code    10  stm32f0xx_hal.o(i.HAL_IncTick)
    HAL_Init                                 0x08000825   Thumb Code    26  stm32f0xx_hal.o(i.HAL_Init)
    HAL_InitTick                             0x08000845   Thumb Code    34  stm32f0xx_hal.o(i.HAL_InitTick)
    HAL_MspInit                              0x08000869   Thumb Code    64  stm32f0xx_hal_msp.o(i.HAL_MspInit)
    HAL_NVIC_DisableIRQ                      0x080008ad   Thumb Code    14  stm32f0xx_hal_cortex.o(i.HAL_NVIC_DisableIRQ)
    HAL_NVIC_EnableIRQ                       0x080008c1   Thumb Code    14  stm32f0xx_hal_cortex.o(i.HAL_NVIC_EnableIRQ)
    HAL_NVIC_SetPriority                     0x080008d5   Thumb Code     8  stm32f0xx_hal_cortex.o(i.HAL_NVIC_SetPriority)
    HAL_RCCEx_PeriphCLKConfig                0x080008dd   Thumb Code   218  stm32f0xx_hal_rcc_ex.o(i.HAL_RCCEx_PeriphCLKConfig)
    HAL_RCC_ClockConfig                      0x080009c5   Thumb Code   280  stm32f0xx_hal_rcc.o(i.HAL_RCC_ClockConfig)
    HAL_RCC_GetHCLKFreq                      0x08000af1   Thumb Code     6  stm32f0xx_hal_rcc.o(i.HAL_RCC_GetHCLKFreq)
    HAL_RCC_GetPCLK1Freq                     0x08000afd   Thumb Code    20  stm32f0xx_hal_rcc.o(i.HAL_RCC_GetPCLK1Freq)
    HAL_RCC_GetSysClockFreq                  0x08000b1d   Thumb Code    76  stm32f0xx_hal_rcc.o(i.HAL_RCC_GetSysClockFreq)
    HAL_RCC_OscConfig                        0x08000b95   Thumb Code   840  stm32f0xx_hal_rcc.o(i.HAL_RCC_OscConfig)
    HAL_RS485Ex_Init                         0x08000ee9   Thumb Code   138  stm32f0xx_hal_uart_ex.o(i.HAL_RS485Ex_Init)
    HAL_SYSTICK_CLKSourceConfig              0x08000f79   Thumb Code    20  stm32f0xx_hal_cortex.o(i.HAL_SYSTICK_CLKSourceConfig)
    HAL_SYSTICK_Callback                     0x08000f91   Thumb Code     2  stm32f0xx_hal_cortex.o(i.HAL_SYSTICK_Callback)
    HAL_SYSTICK_Config                       0x08000f95   Thumb Code    38  stm32f0xx_hal_cortex.o(i.HAL_SYSTICK_Config)
    HAL_SYSTICK_IRQHandler                   0x08000fc5   Thumb Code     8  stm32f0xx_hal_cortex.o(i.HAL_SYSTICK_IRQHandler)
    HAL_UART_ErrorCallback                   0x08000fcd   Thumb Code     2  stm32f0xx_hal_uart.o(i.HAL_UART_ErrorCallback)
    HAL_UART_IRQHandler                      0x08000fd1   Thumb Code   272  stm32f0xx_hal_uart.o(i.HAL_UART_IRQHandler)
    HAL_UART_MspInit                         0x080010e5   Thumb Code    82  stm32f0xx_hal_msp.o(i.HAL_UART_MspInit)
    HAL_UART_Receive_IT                      0x08001141   Thumb Code   132  stm32f0xx_hal_uart.o(i.HAL_UART_Receive_IT)
    HAL_UART_RxCpltCallback                  0x080011c9   Thumb Code    34  stm32f0xx_it.o(i.HAL_UART_RxCpltCallback)
    HAL_UART_TxCpltCallback                  0x080011f9   Thumb Code    12  uart_communication.o(i.HAL_UART_TxCpltCallback)
    HardFault_Handler                        0x08001209   Thumb Code     2  stm32f0xx_it.o(i.HardFault_Handler)
    I2C1_IRQHandler                          0x0800120d   Thumb Code    28  stm32f0xx_it.o(i.I2C1_IRQHandler)
    I2C_ReadLDCWhoAmI                        0x080018e9   Thumb Code   106  ldc_i2c.o(i.I2C_ReadLDCWhoAmI)
    LDC_Abort_Transfers                      0x08001b05   Thumb Code    12  ldc_i2c.o(i.LDC_Abort_Transfers)
    LDC_Config                               0x08001b15   Thumb Code    30  ldc_i2c.o(i.LDC_Config)
    LDC_Config_All                           0x08001b3d   Thumb Code   180  ldc_i2c.o(i.LDC_Config_All)
    LDC_Control                              0x08001bf1   Thumb Code    50  ldc_i2c.o(i.LDC_Control)
    LDC_I2C_DeInit                           0x08001c29   Thumb Code    20  ldc_i2c.o(i.LDC_I2C_DeInit)
    LDC_I2C_ReInit                           0x08001c41   Thumb Code    24  ldc_i2c.o(i.LDC_I2C_ReInit)
    LDC_Read_Data                            0x08001c61   Thumb Code   170  ldc_i2c.o(i.LDC_Read_Data)
    LDC_STATUS_UNREADCONV1                   0x08001d11   Thumb Code    92  ldc_i2c.o(i.LDC_STATUS_UNREADCONV1)
    LDC_Sleep                                0x08001d71   Thumb Code    34  ldc_i2c.o(i.LDC_Sleep)
    LDC_Startup                              0x08001d9d   Thumb Code    68  ldc_i2c.o(i.LDC_Startup)
    LDC_Wakeup                               0x08001ded   Thumb Code    34  ldc_i2c.o(i.LDC_Wakeup)
    NMI_Handler                              0x08001f1d   Thumb Code     2  stm32f0xx_it.o(i.NMI_Handler)
    PendSV_Handler                           0x08001f65   Thumb Code     2  stm32f0xx_it.o(i.PendSV_Handler)
    SVC_Handler                              0x08001f67   Thumb Code     2  stm32f0xx_it.o(i.SVC_Handler)
    SysTick_Handler                          0x08001f69   Thumb Code    62  stm32f0xx_it.o(i.SysTick_Handler)
    SystemClock_Config                       0x08001fbd   Thumb Code   126  main.o(i.SystemClock_Config)
    SystemInit                               0x0800203d   Thumb Code    78  system_stm32f0xx.o(i.SystemInit)
    UART_AdvFeatureConfig                    0x08002099   Thumb Code   202  stm32f0xx_hal_uart.o(i.UART_AdvFeatureConfig)
    UART_CheckIdleState                      0x08002163   Thumb Code    18  stm32f0xx_hal_uart.o(i.UART_CheckIdleState)
    UART_EndTransmit_IT                      0x080021a7   Thumb Code    26  stm32f0xx_hal_uart.o(i.UART_EndTransmit_IT)
    UART_Receive_IT                          0x080021c1   Thumb Code   122  stm32f0xx_hal_uart.o(i.UART_Receive_IT)
    UART_SetConfig                           0x0800223d   Thumb Code   280  stm32f0xx_hal_uart.o(i.UART_SetConfig)
    UART_Transmit_IT                         0x0800236d   Thumb Code   102  stm32f0xx_hal_uart.o(i.UART_Transmit_IT)
    UC_IRQ_Virtual_RX                        0x080023d5   Thumb Code    52  uart_communication.o(i.UC_IRQ_Virtual_RX)
    UC_IRQ_Virtual_Systick                   0x0800240d   Thumb Code    42  uart_communication.o(i.UC_IRQ_Virtual_Systick)
    UC_Startup                               0x0800243d   Thumb Code    24  uart_communication.o(i.UC_Startup)
    USART1_IRQHandler                        0x0800245d   Thumb Code    10  stm32f0xx_it.o(i.USART1_IRQHandler)
    __scatterload_copy                       0x0800246d   Thumb Code    14  handlers.o(i.__scatterload_copy)
    __scatterload_null                       0x0800247b   Thumb Code     2  handlers.o(i.__scatterload_null)
    __scatterload_zeroinit                   0x0800247d   Thumb Code    14  handlers.o(i.__scatterload_zeroinit)
    i2c_LDC_Read_Data                        0x0800248d   Thumb Code   148  ldc_i2c.o(i.i2c_LDC_Read_Data)
    i2c_master_read                          0x08002525   Thumb Code    94  ldc_i2c.o(i.i2c_master_read)
    i2c_master_write                         0x08002585   Thumb Code    96  ldc_i2c.o(i.i2c_master_write)
    isModeTest                               0x080025e9   Thumb Code    84  ldc_i2c.o(i.isModeTest)
    isSleepModeTEST                          0x08002645   Thumb Code    84  ldc_i2c.o(i.isSleepModeTEST)
    main                                     0x080026a1   Thumb Code    38  main.o(i.main)
    AHBPrescTable                            0x080026c6   Data          16  system_stm32f0xx.o(.constdata)
    APBPrescTable                            0x080026d6   Data           8  system_stm32f0xx.o(.constdata)
    Region$$Table$$Base                      0x080026e0   Number         0  anon$$obj.o(Region$$Table)
    Region$$Table$$Limit                     0x08002700   Number         0  anon$$obj.o(Region$$Table)
    completionFlag                           0x20000000   Data           1  ldc_i2c.o(.data)
    completionFlagTX                         0x20000001   Data           1  ldc_i2c.o(.data)
    completionFlagRX                         0x20000002   Data           1  ldc_i2c.o(.data)
    LDC_I2C_Error_Flag                       0x20000003   Data           1  ldc_i2c.o(.data)
    TASK_50MS                                0x20000004   Data           1  ldc_i2c.o(.data)
    TASK_1000MS                              0x20000005   Data           1  ldc_i2c.o(.data)
    ldcIniStatus                             0x20000006   Data           1  ldc_i2c.o(.data)
    ldcInitRtryCnt                           0x20000007   Data           1  ldc_i2c.o(.data)
    ldcErrMSBStatus                          0x20000008   Data           1  ldc_i2c.o(.data)
    ldcStatus                                0x20000009   Data           1  ldc_i2c.o(.data)
    Current_LDC_Config                       0x2000000a   Data           2  ldc_i2c.o(.data)
    value                                    0x2000000c   Data           4  ldc_i2c.o(.data)
    task_50ms_cnt                            0x20000010   Data           2  ldc_i2c.o(.data)
    task_1000ms_cnt                          0x20000012   Data           2  ldc_i2c.o(.data)
    uwTick                                   0x20000014   Data           4  stm32f0xx_hal.o(.data)
    SystemCoreClock                          0x20000018   Data           4  system_stm32f0xx.o(.data)
    UC_DOH                                   0x2000001c   Data         138  uart_communication.o(.bss)
    hi2c1                                    0x200000a8   Data          76  main.o(.bss)
    huart1                                   0x200000f4   Data         112  main.o(.bss)
    __initial_sp                             0x20000568   Data           0  startup_stm32f030x8.o(STACK)



==============================================================================

Memory Map of the image

  Image Entry point : 0x080000b5

  Load Region LR_IROM1 (Base: 0x08000000, Size: 0x0000271c, Max: 0x00010000, ABSOLUTE)

    Execution Region ER_IROM1 (Base: 0x08000000, Size: 0x00002700, Max: 0x00010000, ABSOLUTE)

    Base Addr    Size         Type   Attr      Idx    E Section Name        Object

    0x08000000   0x000000b4   Data   RO            3    RESET               startup_stm32f030x8.o
    0x080000b4   0x00000000   Code   RO         2178  * .ARM.Collect$$$$00000000  mc_p.l(entry.o)
    0x080000b4   0x00000004   Code   RO         2190    .ARM.Collect$$$$00000001  mc_p.l(entry2.o)
    0x080000b8   0x00000004   Code   RO         2193    .ARM.Collect$$$$00000004  mc_p.l(entry5.o)
    0x080000bc   0x00000000   Code   RO         2195    .ARM.Collect$$$$00000008  mc_p.l(entry7b.o)
    0x080000bc   0x00000000   Code   RO         2197    .ARM.Collect$$$$0000000A  mc_p.l(entry8b.o)
    0x080000bc   0x00000008   Code   RO         2198    .ARM.Collect$$$$0000000B  mc_p.l(entry9a.o)
    0x080000c4   0x00000000   Code   RO         2200    .ARM.Collect$$$$0000000D  mc_p.l(entry10a.o)
    0x080000c4   0x00000000   Code   RO         2202    .ARM.Collect$$$$0000000F  mc_p.l(entry11a.o)
    0x080000c4   0x00000004   Code   RO         2191    .ARM.Collect$$$$00002712  mc_p.l(entry2.o)
    0x080000c8   0x0000001c   Code   RO            4    .text               startup_stm32f030x8.o
    0x080000e4   0x0000002c   Code   RO         2181    .text               mc_p.l(uidiv.o)
    0x08000110   0x00000024   Code   RO         2188    .text               mc_p.l(memseta.o)
    0x08000134   0x00000024   Code   RO         2204    .text               mc_p.l(init.o)
    0x08000158   0x00000048   Code   RO         1677    i.HAL_DMA_Abort_IT  stm32f0xx_hal_dma.o
    0x080001a0   0x0000001c   Code   RO         1480    i.HAL_Delay         stm32f0xx_hal.o
    0x080001bc   0x000000d4   Code   RO         1612    i.HAL_GPIO_DeInit   stm32f0xx_hal_gpio.o
    0x08000290   0x00000148   Code   RO         1615    i.HAL_GPIO_Init     stm32f0xx_hal_gpio.o
    0x080003d8   0x0000000c   Code   RO         1619    i.HAL_GPIO_WritePin  stm32f0xx_hal_gpio.o
    0x080003e4   0x0000000c   Code   RO         1484    i.HAL_GetTick       stm32f0xx_hal.o
    0x080003f0   0x0000004a   Code   RO          922    i.HAL_I2CEx_ConfigAnalogFilter  stm32f0xx_hal_i2c_ex.o
    0x0800043a   0x00000048   Code   RO          923    i.HAL_I2CEx_ConfigDigitalFilter  stm32f0xx_hal_i2c_ex.o
    0x08000482   0x00000002   Code   RO          498    i.HAL_I2C_AbortCpltCallback  stm32f0xx_hal_i2c.o
    0x08000484   0x00000002   Code   RO          499    i.HAL_I2C_AddrCallback  stm32f0xx_hal_i2c.o
    0x08000486   0x00000034   Code   RO          500    i.HAL_I2C_DeInit    stm32f0xx_hal_i2c.o
    0x080004ba   0x00000058   Code   RO          502    i.HAL_I2C_ER_IRQHandler  stm32f0xx_hal_i2c.o
    0x08000512   0x00000010   Code   RO          503    i.HAL_I2C_EV_IRQHandler  stm32f0xx_hal_i2c.o
    0x08000522   0x00000002   PAD
    0x08000524   0x00000010   Code   RO           12    i.HAL_I2C_ErrorCallback  ldc_i2c.o
    0x08000534   0x00000004   Code   RO          506    i.HAL_I2C_GetError  stm32f0xx_hal_i2c.o
    0x08000538   0x00000006   Code   RO          508    i.HAL_I2C_GetState  stm32f0xx_hal_i2c.o
    0x0800053e   0x00000002   PAD
    0x08000540   0x000000b4   Code   RO          509    i.HAL_I2C_Init      stm32f0xx_hal_i2c.o
    0x080005f4   0x00000002   Code   RO          511    i.HAL_I2C_ListenCpltCallback  stm32f0xx_hal_i2c.o
    0x080005f6   0x00000002   PAD
    0x080005f8   0x0000001c   Code   RO           13    i.HAL_I2C_MasterRxCpltCallback  ldc_i2c.o
    0x08000614   0x0000001c   Code   RO           14    i.HAL_I2C_MasterTxCpltCallback  ldc_i2c.o
    0x08000630   0x00000058   Code   RO          514    i.HAL_I2C_Master_Abort_IT  stm32f0xx_hal_i2c.o
    0x08000688   0x0000007c   Code   RO          517    i.HAL_I2C_Master_Receive_IT  stm32f0xx_hal_i2c.o
    0x08000704   0x0000007c   Code   RO          522    i.HAL_I2C_Master_Transmit_IT  stm32f0xx_hal_i2c.o
    0x08000780   0x00000002   Code   RO          523    i.HAL_I2C_MemRxCpltCallback  stm32f0xx_hal_i2c.o
    0x08000782   0x00000002   Code   RO          524    i.HAL_I2C_MemTxCpltCallback  stm32f0xx_hal_i2c.o
    0x08000784   0x00000034   Code   RO          454    i.HAL_I2C_MspDeInit  stm32f0xx_hal_msp.o
    0x080007b8   0x00000058   Code   RO          455    i.HAL_I2C_MspInit   stm32f0xx_hal_msp.o
    0x08000810   0x00000002   Code   RO          533    i.HAL_I2C_SlaveRxCpltCallback  stm32f0xx_hal_i2c.o
    0x08000812   0x00000002   Code   RO          534    i.HAL_I2C_SlaveTxCpltCallback  stm32f0xx_hal_i2c.o
    0x08000814   0x00000010   Code   RO         1488    i.HAL_IncTick       stm32f0xx_hal.o
    0x08000824   0x00000020   Code   RO         1489    i.HAL_Init          stm32f0xx_hal.o
    0x08000844   0x00000022   Code   RO         1490    i.HAL_InitTick      stm32f0xx_hal.o
    0x08000866   0x00000002   PAD
    0x08000868   0x00000044   Code   RO          456    i.HAL_MspInit       stm32f0xx_hal_msp.o
    0x080008ac   0x00000014   Code   RO         1773    i.HAL_NVIC_DisableIRQ  stm32f0xx_hal_cortex.o
    0x080008c0   0x00000014   Code   RO         1774    i.HAL_NVIC_EnableIRQ  stm32f0xx_hal_cortex.o
    0x080008d4   0x00000008   Code   RO         1778    i.HAL_NVIC_SetPriority  stm32f0xx_hal_cortex.o
    0x080008dc   0x000000e8   Code   RO         1445    i.HAL_RCCEx_PeriphCLKConfig  stm32f0xx_hal_rcc_ex.o
    0x080009c4   0x0000012c   Code   RO         1352    i.HAL_RCC_ClockConfig  stm32f0xx_hal_rcc.o
    0x08000af0   0x0000000c   Code   RO         1357    i.HAL_RCC_GetHCLKFreq  stm32f0xx_hal_rcc.o
    0x08000afc   0x00000020   Code   RO         1359    i.HAL_RCC_GetPCLK1Freq  stm32f0xx_hal_rcc.o
    0x08000b1c   0x00000078   Code   RO         1360    i.HAL_RCC_GetSysClockFreq  stm32f0xx_hal_rcc.o
    0x08000b94   0x00000354   Code   RO         1363    i.HAL_RCC_OscConfig  stm32f0xx_hal_rcc.o
    0x08000ee8   0x00000090   Code   RO         1326    i.HAL_RS485Ex_Init  stm32f0xx_hal_uart_ex.o
    0x08000f78   0x00000018   Code   RO         1780    i.HAL_SYSTICK_CLKSourceConfig  stm32f0xx_hal_cortex.o
    0x08000f90   0x00000002   Code   RO         1781    i.HAL_SYSTICK_Callback  stm32f0xx_hal_cortex.o
    0x08000f92   0x00000002   PAD
    0x08000f94   0x00000030   Code   RO         1782    i.HAL_SYSTICK_Config  stm32f0xx_hal_cortex.o
    0x08000fc4   0x00000008   Code   RO         1783    i.HAL_SYSTICK_IRQHandler  stm32f0xx_hal_cortex.o
    0x08000fcc   0x00000002   Code   RO         1008    i.HAL_UART_ErrorCallback  stm32f0xx_hal_uart.o
    0x08000fce   0x00000002   PAD
    0x08000fd0   0x00000114   Code   RO         1011    i.HAL_UART_IRQHandler  stm32f0xx_hal_uart.o
    0x080010e4   0x0000005c   Code   RO          458    i.HAL_UART_MspInit  stm32f0xx_hal_msp.o
    0x08001140   0x00000088   Code   RO         1017    i.HAL_UART_Receive_IT  stm32f0xx_hal_uart.o
    0x080011c8   0x00000030   Code   RO          388    i.HAL_UART_RxCpltCallback  stm32f0xx_it.o
    0x080011f8   0x00000010   Code   RO          244    i.HAL_UART_TxCpltCallback  uart_communication.o
    0x08001208   0x00000002   Code   RO          389    i.HardFault_Handler  stm32f0xx_it.o
    0x0800120a   0x00000002   PAD
    0x0800120c   0x00000020   Code   RO          390    i.I2C1_IRQHandler   stm32f0xx_it.o
    0x0800122c   0x00000034   Code   RO          543    i.I2C_DMAAbort      stm32f0xx_hal_i2c.o
    0x08001260   0x00000056   Code   RO          549    i.I2C_Disable_IRQ   stm32f0xx_hal_i2c.o
    0x080012b6   0x00000002   PAD
    0x080012b8   0x00000064   Code   RO          550    i.I2C_Enable_IRQ    stm32f0xx_hal_i2c.o
    0x0800131c   0x00000022   Code   RO          551    i.I2C_Flush_TXDR    stm32f0xx_hal_i2c.o
    0x0800133e   0x0000007a   Code   RO          552    i.I2C_ITAddrCplt    stm32f0xx_hal_i2c.o
    0x080013b8   0x000000cc   Code   RO          553    i.I2C_ITError       stm32f0xx_hal_i2c.o
    0x08001484   0x00000060   Code   RO          554    i.I2C_ITListenCplt  stm32f0xx_hal_i2c.o
    0x080014e4   0x000000a0   Code   RO          555    i.I2C_ITMasterCplt  stm32f0xx_hal_i2c.o
    0x08001584   0x00000046   Code   RO          556    i.I2C_ITMasterSequentialCplt  stm32f0xx_hal_i2c.o
    0x080015ca   0x00000002   PAD
    0x080015cc   0x000000e8   Code   RO          557    i.I2C_ITSlaveCplt   stm32f0xx_hal_i2c.o
    0x080016b4   0x0000004a   Code   RO          558    i.I2C_ITSlaveSequentialCplt  stm32f0xx_hal_i2c.o
    0x080016fe   0x000000c2   Code   RO          560    i.I2C_Master_ISR_DMA  stm32f0xx_hal_i2c.o
    0x080017c0   0x00000128   Code   RO          561    i.I2C_Master_ISR_IT  stm32f0xx_hal_i2c.o
    0x080018e8   0x00000078   Code   RO           15    i.I2C_ReadLDCWhoAmI  ldc_i2c.o
    0x08001960   0x00000068   Code   RO          564    i.I2C_Slave_ISR_DMA  stm32f0xx_hal_i2c.o
    0x080019c8   0x00000118   Code   RO          565    i.I2C_Slave_ISR_IT  stm32f0xx_hal_i2c.o
    0x08001ae0   0x00000024   Code   RO          566    i.I2C_TransferConfig  stm32f0xx_hal_i2c.o
    0x08001b04   0x00000010   Code   RO           16    i.LDC_Abort_Transfers  ldc_i2c.o
    0x08001b14   0x00000028   Code   RO           17    i.LDC_Config        ldc_i2c.o
    0x08001b3c   0x000000b4   Code   RO           18    i.LDC_Config_All    ldc_i2c.o
    0x08001bf0   0x00000038   Code   RO           19    i.LDC_Control       ldc_i2c.o
    0x08001c28   0x00000018   Code   RO           20    i.LDC_I2C_DeInit    ldc_i2c.o
    0x08001c40   0x00000020   Code   RO           21    i.LDC_I2C_ReInit    ldc_i2c.o
    0x08001c60   0x000000b0   Code   RO           22    i.LDC_Read_Data     ldc_i2c.o
    0x08001d10   0x00000060   Code   RO           23    i.LDC_STATUS_UNREADCONV1  ldc_i2c.o
    0x08001d70   0x0000002c   Code   RO           24    i.LDC_Sleep         ldc_i2c.o
    0x08001d9c   0x00000050   Code   RO           25    i.LDC_Startup       ldc_i2c.o
    0x08001dec   0x0000002c   Code   RO           26    i.LDC_Wakeup        ldc_i2c.o
    0x08001e18   0x00000074   Code   RO          330    i.MX_GPIO_Init      main.o
    0x08001e8c   0x00000054   Code   RO          331    i.MX_I2C1_Init      main.o
    0x08001ee0   0x0000003c   Code   RO          332    i.MX_USART1_UART_Init  main.o
    0x08001f1c   0x00000002   Code   RO          391    i.NMI_Handler       stm32f0xx_it.o
    0x08001f1e   0x00000002   PAD
    0x08001f20   0x00000044   Code   RO         1784    i.NVIC_SetPriority  stm32f0xx_hal_cortex.o
    0x08001f64   0x00000002   Code   RO          392    i.PendSV_Handler    stm32f0xx_it.o
    0x08001f66   0x00000002   Code   RO          393    i.SVC_Handler       stm32f0xx_it.o
    0x08001f68   0x00000054   Code   RO          394    i.SysTick_Handler   stm32f0xx_it.o
    0x08001fbc   0x0000007e   Code   RO          333    i.SystemClock_Config  main.o
    0x0800203a   0x00000002   PAD
    0x0800203c   0x0000005c   Code   RO         2147    i.SystemInit        system_stm32f0xx.o
    0x08002098   0x000000ca   Code   RO         1025    i.UART_AdvFeatureConfig  stm32f0xx_hal_uart.o
    0x08002162   0x00000012   Code   RO         1026    i.UART_CheckIdleState  stm32f0xx_hal_uart.o
    0x08002174   0x00000014   Code   RO         1027    i.UART_DMAAbortOnError  stm32f0xx_hal_uart.o
    0x08002188   0x0000001e   Code   RO         1037    i.UART_EndRxTransfer  stm32f0xx_hal_uart.o
    0x080021a6   0x0000001a   Code   RO         1038    i.UART_EndTransmit_IT  stm32f0xx_hal_uart.o
    0x080021c0   0x0000007a   Code   RO         1040    i.UART_Receive_IT   stm32f0xx_hal_uart.o
    0x0800223a   0x00000002   PAD
    0x0800223c   0x00000130   Code   RO         1041    i.UART_SetConfig    stm32f0xx_hal_uart.o
    0x0800236c   0x00000066   Code   RO         1042    i.UART_Transmit_IT  stm32f0xx_hal_uart.o
    0x080023d2   0x00000002   PAD
    0x080023d4   0x00000038   Code   RO          249    i.UC_IRQ_Virtual_RX  uart_communication.o
    0x0800240c   0x00000030   Code   RO          250    i.UC_IRQ_Virtual_Systick  uart_communication.o
    0x0800243c   0x00000020   Code   RO          251    i.UC_Startup        uart_communication.o
    0x0800245c   0x00000010   Code   RO          395    i.USART1_IRQHandler  stm32f0xx_it.o
    0x0800246c   0x0000000e   Code   RO         2208    i.__scatterload_copy  mc_p.l(handlers.o)
    0x0800247a   0x00000002   Code   RO         2209    i.__scatterload_null  mc_p.l(handlers.o)
    0x0800247c   0x0000000e   Code   RO         2210    i.__scatterload_zeroinit  mc_p.l(handlers.o)
    0x0800248a   0x00000002   PAD
    0x0800248c   0x00000098   Code   RO           27    i.i2c_LDC_Read_Data  ldc_i2c.o
    0x08002524   0x0000005e   Code   RO           28    i.i2c_master_read   ldc_i2c.o
    0x08002582   0x00000002   PAD
    0x08002584   0x00000064   Code   RO           29    i.i2c_master_write  ldc_i2c.o
    0x080025e8   0x0000005c   Code   RO           30    i.isModeTest        ldc_i2c.o
    0x08002644   0x0000005c   Code   RO           31    i.isSleepModeTEST   ldc_i2c.o
    0x080026a0   0x00000026   Code   RO          335    i.main              main.o
    0x080026c6   0x00000010   Data   RO         2148    .constdata          system_stm32f0xx.o
    0x080026d6   0x00000008   Data   RO         2149    .constdata          system_stm32f0xx.o
    0x080026de   0x00000002   PAD
    0x080026e0   0x00000020   Data   RO         2206    Region$$Table       anon$$obj.o


    Execution Region RW_IRAM1 (Base: 0x20000000, Size: 0x00000568, Max: 0x00002000, ABSOLUTE)

    Base Addr    Size         Type   Attr      Idx    E Section Name        Object

    0x20000000   0x00000010   Data   RW           32    .data               ldc_i2c.o
    0x20000010   0x00000002   Data   RW           33    .data               ldc_i2c.o
    0x20000012   0x00000002   Data   RW           34    .data               ldc_i2c.o
    0x20000014   0x00000004   Data   RW         1495    .data               stm32f0xx_hal.o
    0x20000018   0x00000004   Data   RW         2150    .data               system_stm32f0xx.o
    0x2000001c   0x0000008a   Zero   RW          253    .bss                uart_communication.o
    0x200000a6   0x00000002   PAD
    0x200000a8   0x000000bc   Zero   RW          336    .bss                main.o
    0x20000164   0x00000004   PAD
    0x20000168   0x00000400   Zero   RW            1    STACK               startup_stm32f030x8.o


==============================================================================

Image component sizes


      Code (inc. data)   RO Data    RW Data    ZI Data      Debug   Object Name

      1510        136          0         20          0     258059   ldc_i2c.o
       424         34          0          0        188       3940   main.o
        28          8        180          0       1024        680   startup_stm32f030x8.o
       122         18          0          4          0       3979   stm32f0xx_hal.o
       198         34          0          0          0      11581   stm32f0xx_hal_cortex.o
        72          0          0          0          0       1203   stm32f0xx_hal_dma.o
       552         46          0          0          0       3286   stm32f0xx_hal_gpio.o
      2836         80          0          0          0      25813   stm32f0xx_hal_i2c.o
       146          0          0          0          0       2051   stm32f0xx_hal_i2c_ex.o
       300         40          0          0          0       2883   stm32f0xx_hal_msp.o
      1316         94          0          0          0       5309   stm32f0xx_hal_rcc.o
       232         14          0          0          0       1464   stm32f0xx_hal_rcc_ex.o
      1238         32          0          0          0       8945   stm32f0xx_hal_uart.o
       144          6          0          0          0       1431   stm32f0xx_hal_uart_ex.o
       188         46          0          0          0       4812   stm32f0xx_it.o
        92         14         24          4          0       1291   system_stm32f0xx.o
       152         22          0          0        138       4667   uart_communication.o

    ----------------------------------------------------------------------
      9578        624        238         28       1356     341394   Object Totals
         0          0         32          0          0          0   (incl. Generated)
        28          0          2          0          6          0   (incl. Padding)

    ----------------------------------------------------------------------

      Code (inc. data)   RO Data    RW Data    ZI Data      Debug   Library Member Name

         0          0          0          0          0          0   entry.o
         0          0          0          0          0          0   entry10a.o
         0          0          0          0          0          0   entry11a.o
         8          4          0          0          0          0   entry2.o
         4          0          0          0          0          0   entry5.o
         0          0          0          0          0          0   entry7b.o
         0          0          0          0          0          0   entry8b.o
         8          4          0          0          0          0   entry9a.o
        30          0          0          0          0          0   handlers.o
        36          8          0          0          0         68   init.o
        36          0          0          0          0        100   memseta.o
        44          0          0          0          0         72   uidiv.o

    ----------------------------------------------------------------------
       168         16          0          0          0        240   Library Totals
         2          0          0          0          0          0   (incl. Padding)

    ----------------------------------------------------------------------

      Code (inc. data)   RO Data    RW Data    ZI Data      Debug   Library Name

       166         16          0          0          0        240   mc_p.l

    ----------------------------------------------------------------------
       168         16          0          0          0        240   Library Totals

    ----------------------------------------------------------------------

==============================================================================


      Code (inc. data)   RO Data    RW Data    ZI Data      Debug   

      9746        640        238         28       1356     337078   Grand Totals
      9746        640        238         28       1356     337078   ELF Image Totals
      9746        640        238         28          0          0   ROM Totals

==============================================================================

    Total RO  Size (Code + RO Data)                 9984 (   9.75kB)
    Total RW  Size (RW Data + ZI Data)              1384 (   1.35kB)
    Total ROM Size (Code + RO Data + RW Data)      10012 (   9.78kB)

==============================================================================

